Component: ARM Compiler 5.06 update 7 (build 960) Tool: armlink [4d3601]

==============================================================================

Section Cross References

    main.o(i.HAL_GetTick) refers to rtx_kernel.o(.text.osKernelGetState) for osKernelGetState
    main.o(i.HAL_GetTick) refers to rtx_kernel.o(.text.osKernelGetTickCount) for osKernelGetTickCount
    main.o(i.HAL_GetTick) refers to system_stm32f4xx.o(.data) for SystemCoreClock
    main.o(i.HAL_GetTick) refers to main.o(.data) for ticks
    main.o(i.SystemClock_Config) refers to stm32f4xx_hal_rcc.o(i.HAL_RCC_OscConfig) for HAL_RCC_OscConfig
    main.o(i.SystemClock_Config) refers to main.o(i.Error_Handler) for Error_Handler
    main.o(i.SystemClock_Config) refers to stm32f4xx_hal_rcc.o(i.HAL_RCC_ClockConfig) for HAL_RCC_ClockConfig
    main.o(i.SystemClock_Config) refers to stm32f4xx_hal.o(i.HAL_GetREVID) for HAL_GetREVID
    main.o(i.conf_boton) refers to stm32f4xx_hal_cortex.o(i.HAL_NVIC_EnableIRQ) for HAL_NVIC_EnableIRQ
    main.o(i.conf_boton) refers to stm32f4xx_hal_gpio.o(i.HAL_GPIO_Init) for HAL_GPIO_Init
    main.o(i.conf_boton) refers to main.o(.bss) for GPIO_InitStruct
    main.o(i.main) refers to stm32f4xx_hal.o(i.HAL_Init) for HAL_Init
    main.o(i.main) refers to main.o(i.SystemClock_Config) for SystemClock_Config
    main.o(i.main) refers to system_stm32f4xx.o(i.SystemCoreClockUpdate) for SystemCoreClockUpdate
    main.o(i.main) refers to dma.o(i.MX_DMA_Init) for MX_DMA_Init
    main.o(i.main) refers to dac.o(i.MX_DAC_Init) for MX_DAC_Init
    main.o(i.main) refers to tim.o(i.MX_TIM2_Init) for MX_TIM2_Init
    main.o(i.main) refers to main.o(i.conf_boton) for conf_boton
    main.o(i.main) refers to rtx_kernel.o(.text.osKernelInitialize) for osKernelInitialize
    main.o(i.main) refers to thread.o(i.Init_Thread) for Init_Thread
    main.o(i.main) refers to rtx_kernel.o(.text.osKernelStart) for osKernelStart
    main.o(i.main) refers to stm32f4xx_hal_gpio.o(i.HAL_GPIO_TogglePin) for HAL_GPIO_TogglePin
    main.o(i.main) refers to stm32f4xx_hal.o(i.HAL_Delay) for HAL_Delay
    main.o(i.sinusoide) refers to dflt_clz.o(x$fpl$dflt) for __aeabi_i2d
    main.o(i.sinusoide) refers to dmul.o(x$fpl$dmul) for __aeabi_dmul
    main.o(i.sinusoide) refers to ddiv.o(x$fpl$ddiv) for __aeabi_ddiv
    main.o(i.sinusoide) refers to sin.o(i.__hardfp_sin) for __hardfp_sin
    main.o(i.sinusoide) refers to daddsub_clz.o(x$fpl$dadd) for __aeabi_dadd
    main.o(i.sinusoide) refers to dfixu.o(x$fpl$dfixu) for __aeabi_d2uiz
    main.o(i.sinusoide) refers to main.o(.bss) for sine_val
    stm32f4xx_it.o(i.DMA1_Stream5_IRQHandler) refers to stm32f4xx_hal_dma.o(i.HAL_DMA_IRQHandler) for HAL_DMA_IRQHandler
    stm32f4xx_it.o(i.DMA1_Stream5_IRQHandler) refers to dac.o(.bss) for hdma_dac1
    stm32f4xx_it.o(i.EXTI15_10_IRQHandler) refers to stm32f4xx_hal_gpio.o(i.HAL_GPIO_EXTI_IRQHandler) for HAL_GPIO_EXTI_IRQHandler
    stm32f4xx_it.o(i.HAL_GPIO_EXTI_Callback) refers to rtx_thread.o(.text.osThreadFlagsSet) for osThreadFlagsSet
    stm32f4xx_it.o(i.HAL_GPIO_EXTI_Callback) refers to thread.o(.data) for tid_Thread
    timer.o(i.Init_Timers) refers to rtx_timer.o(.text.osTimerNew) for osTimerNew
    timer.o(i.Init_Timers) refers to timer.o(.data) for exec1
    timer.o(i.Init_Timers) refers to timer.o(i.Timer1_Callback) for Timer1_Callback
    timer.o(i.Timer1_Callback) refers to timer.o(.data) for j
    timer.o(i.cambiaTono) refers to stm32f4xx_hal_dac.o(i.HAL_DAC_Stop_DMA) for HAL_DAC_Stop_DMA
    timer.o(i.cambiaTono) refers to stm32f4xx_hal_tim.o(i.HAL_TIM_Base_Stop) for HAL_TIM_Base_Stop
    timer.o(i.cambiaTono) refers to stm32f4xx_hal_tim.o(i.HAL_TIM_Base_Init) for HAL_TIM_Base_Init
    timer.o(i.cambiaTono) refers to stm32f4xx_hal_tim.o(i.HAL_TIM_Base_Start) for HAL_TIM_Base_Start
    timer.o(i.cambiaTono) refers to main.o(i.sinusoide) for sinusoide
    timer.o(i.cambiaTono) refers to stm32f4xx_hal_dac.o(i.HAL_DAC_Start_DMA) for HAL_DAC_Start_DMA
    timer.o(i.cambiaTono) refers to rtx_delay.o(.text.osDelay) for osDelay
    timer.o(i.cambiaTono) refers to dac.o(.bss) for hdac
    timer.o(i.cambiaTono) refers to tim.o(.bss) for htim2
    timer.o(i.cambiaTono) refers to main.o(.bss) for sine_val
    timer.o(i.melodiaEntrar) refers to timer.o(i.cambiaTono) for cambiaTono
    timer.o(i.melodiaEntrar) refers to stm32f4xx_hal_tim.o(i.HAL_TIM_Base_Stop) for HAL_TIM_Base_Stop
    timer.o(i.melodiaEntrar) refers to tim.o(.bss) for htim2
    thread.o(i.Init_Thread) refers to rtx_thread.o(.text.osThreadNew) for osThreadNew
    thread.o(i.Init_Thread) refers to thread.o(i.Thread) for Thread
    thread.o(i.Init_Thread) refers to thread.o(.data) for tid_Thread
    thread.o(i.Thread) refers to timer.o(i.Init_Timers) for Init_Timers
    thread.o(i.Thread) refers to rtx_thread.o(.text.osThreadFlagsWait) for osThreadFlagsWait
    thread.o(i.Thread) refers to timer.o(i.melodiaEntrar) for melodiaEntrar
[...]
    ddiv_entry                               0x0800478b   Thumb Code     0  ddiv.o(x$fpl$ddiv)
    x$fpl$dfix                               0x08004a34   Section       94  dfix.o(x$fpl$dfix)
    $v0                                      0x08004a34   Number         0  dfix.o(x$fpl$dfix)
    x$fpl$dfixu                              0x08004a94   Section       90  dfixu.o(x$fpl$dfixu)
    $v0                                      0x08004a94   Number         0  dfixu.o(x$fpl$dfixu)
    x$fpl$dflt                               0x08004aee   Section       46  dflt_clz.o(x$fpl$dflt)
    $v0                                      0x08004aee   Number         0  dflt_clz.o(x$fpl$dflt)
    x$fpl$dfltu                              0x08004b1c   Section       38  dflt_clz.o(x$fpl$dfltu)
    $v0                                      0x08004b1c   Number         0  dflt_clz.o(x$fpl$dfltu)
    x$fpl$dmul                               0x08004b44   Section      340  dmul.o(x$fpl$dmul)
    $v0                                      0x08004b44   Number         0  dmul.o(x$fpl$dmul)
    x$fpl$dnaninf                            0x08004c98   Section      156  dnaninf.o(x$fpl$dnaninf)
    $v0                                      0x08004c98   Number         0  dnaninf.o(x$fpl$dnaninf)
    x$fpl$dretinf                            0x08004d34   Section       12  dretinf.o(x$fpl$dretinf)
    $v0                                      0x08004d34   Number         0  dretinf.o(x$fpl$dretinf)
    x$fpl$drsb                               0x08004d40   Section       22  daddsub_clz.o(x$fpl$drsb)
    $v0                                      0x08004d40   Number         0  daddsub_clz.o(x$fpl$drsb)
    x$fpl$dsub                               0x08004d58   Section      468  daddsub_clz.o(x$fpl$dsub)
    $v0                                      0x08004d58   Number         0  daddsub_clz.o(x$fpl$dsub)
    _dsub1                                   0x08004d69   Thumb Code     0  daddsub_clz.o(x$fpl$dsub)
    x$fpl$fpinit                             0x08004f2c   Section       10  fpinit.o(x$fpl$fpinit)
    $v0                                      0x08004f2c   Number         0  fpinit.o(x$fpl$fpinit)
    x$fpl$usenofp                            0x08004f36   Section        0  usenofp.o(x$fpl$usenofp)
    .constdata                               0x08004f38   Section      104  rtx_lib.o(.constdata)
    os_idle_thread_attr                      0x08004f38   Data          36  rtx_lib.o(.constdata)
    os_timer_thread_attr                     0x08004f5c   Data          36  rtx_lib.o(.constdata)
    os_timer_mq_attr                         0x08004f80   Data          24  rtx_lib.o(.constdata)
    .constdata                               0x08004fa0   Section        8  stm32f4xx_hal_dma.o(.constdata)
    flagBitshiftOffset                       0x08004fa0   Data           8  stm32f4xx_hal_dma.o(.constdata)
    .constdata                               0x08004fa8   Section       24  system_stm32f4xx.o(.constdata)
    .constdata                               0x08004fc0   Section       48  cos_i.o(.constdata)
    C                                        0x08004fc0   Data          48  cos_i.o(.constdata)
    .constdata                               0x08004ff0   Section      200  rred.o(.constdata)
    pio2s                                    0x08004ff0   Data          48  rred.o(.constdata)
    twooverpi                                0x08005020   Data         152  rred.o(.constdata)
    .constdata                               0x080050b8   Section       40  sin_i.o(.constdata)
    S                                        0x080050b8   Data          40  sin_i.o(.constdata)
    .rodata                                  0x080050e0   Section      168  rtx_lib.o(.rodata)
    __tagsym$$used                           0x080050e0   Number         0  rtx_lib.o(.rodata)
    __tagsym$$used                           0x08005150   Number         0  rtx_lib.o(.rodata)
    [Anonymous Symbol]                       0x0800518c   Section        0  rtx_kernel.o(.rodata.str1.4)
    .bss.os                                  0x20000000   Section    32832  rtx_lib.o(.bss.os)
    os_mem                                   0x20000000   Data       32768  rtx_lib.o(.bss.os)
    os_isr_queue                             0x20008000   Data          64  rtx_lib.o(.bss.os)
    .bss.os.libspace                         0x20008040   Section      496  rtx_lib.o(.bss.os.libspace)
    os_libspace                              0x20008040   Data         480  rtx_lib.o(.bss.os.libspace)
    os_libspace_id                           0x20008220   Data          16  rtx_lib.o(.bss.os.libspace)
    .bss.os.msgqueue.cb                      0x20008230   Section       52  rtx_lib.o(.bss.os.msgqueue.cb)
    os_timer_mq_cb                           0x20008230   Data          52  rtx_lib.o(.bss.os.msgqueue.cb)
    .bss.os.msgqueue.mem                     0x20008264   Section       80  rtx_lib.o(.bss.os.msgqueue.mem)
    os_timer_mq_data                         0x20008264   Data          80  rtx_lib.o(.bss.os.msgqueue.mem)
    .bss.os.thread.cb                        0x200082b4   Section      136  rtx_lib.o(.bss.os.thread.cb)
    os_idle_thread_cb                        0x200082b4   Data          68  rtx_lib.o(.bss.os.thread.cb)
    os_timer_thread_cb                       0x200082f8   Data          68  rtx_lib.o(.bss.os.thread.cb)
    .bss.os.thread.idle.stack                0x20008340   Section      512  rtx_lib.o(.bss.os.thread.idle.stack)
    os_idle_thread_stack                     0x20008340   Data         512  rtx_lib.o(.bss.os.thread.idle.stack)
    .bss.os.thread.timer.stack               0x20008540   Section      512  rtx_lib.o(.bss.os.thread.timer.stack)
    os_timer_thread_stack                    0x20008540   Data         512  rtx_lib.o(.bss.os.thread.timer.stack)
    .data                                    0x20008740   Section        4  main.o(.data)
    ticks                                    0x20008740   Data           4  main.o(.data)
    .data                                    0x20008744   Section       52  timer.o(.data)
    exec1                                    0x20008770   Data           4  timer.o(.data)
    .data                                    0x20008778   Section        4  thread.o(.data)
    .data                                    0x2000877c   Section        1  rtx_lib.o(.data)
    os_kernel_active                         0x2000877c   Data           1  rtx_lib.o(.data)
    .data                                    0x20008780   Section        9  stm32f4xx_hal.o(.data)
    .data                                    0x2000878c   Section        4  system_stm32f4xx.o(.data)
    .bss                                     0x20008834   Section      420  main.o(.bss)
    .bss                                     0x200089d8   Section       64  tim.o(.bss)
    .bss                                     0x20008a18   Section      116  dac.o(.bss)
    .bss                                     0x20008a8c   Section       96  libspace.o(.bss)
    [Anonymous Symbol]                       0x20008aec   Section        0  os_systick.o(.bss.os)
    PendST                                   0x20008aec   Data           1  os_systick.o(.bss.os)
    HEAP                                     0x20008af0   Section      512  startup_stm32f429xx.o(HEAP)
    Heap_Mem                                 0x20008af0   Data         512  startup_stm32f429xx.o(HEAP)
    STACK                                    0x20008cf0   Section     1024  startup_stm32f429xx.o(STACK)
    Stack_Mem                                0x20008cf0   Data        1024  startup_stm32f429xx.o(STACK)
    __initial_sp                             0x200090f0   Data           0  startup_stm32f429xx.o(STACK)
    FPCCR                                    0xe000ef34   Number         0  irq_armv7m.o ABSOLUTE

    Global Symbols

    Symbol Name                              Value     Ov Type        Size  Object(Section)

    BuildAttributes$$THM_ISAv4$E$P$D$K$B$S$7EM$VFPi3$EXTD16$VFPS$VFMA$PE$A:L22UL41UL21$X:L11$S22US41US21$IEEE1$IW$USESV6$~STKCKD$USESV7$~SHL$OTIME$ROPI$IEEEX$EBA8$UX$STANDARDLIB$REQ8$PRES8$EABIv2 0x00000000   Number         0  anon$$obj.o ABSOLUTE
    __ARM_use_no_argv                        0x00000000   Number         0  main.o ABSOLUTE
    .bss.os.evflags.cb$$Base                  - Undefined Weak Reference
    .bss.os.evflags.cb$$Limit                 - Undefined Weak Reference
    .bss.os.mempool.cb$$Base                  - Undefined Weak Reference
    .bss.os.mempool.cb$$Limit                 - Undefined Weak Reference
    .bss.os.mutex.cb$$Base                    - Undefined Weak Reference
    .bss.os.mutex.cb$$Limit                   - Undefined Weak Reference
    .bss.os.semaphore.cb$$Base                - Undefined Weak Reference
    .bss.os.semaphore.cb$$Limit               - Undefined Weak Reference
    .bss.os.timer.cb$$Base                    - Undefined Weak Reference
    .bss.os.timer.cb$$Limit                   - Undefined Weak Reference
    __ARM_exceptions_init                     - Undefined Weak Reference
    __alloca_initialize                       - Undefined Weak Reference
    __arm_fini_                               - Undefined Weak Reference
    __arm_preinit_                            - Undefined Weak Reference
    __cpp_initialize__aeabi_                  - Undefined Weak Reference
    __cxa_finalize                            - Undefined Weak Reference
    __rt_locale                               - Undefined Weak Reference
    __sigvec_lookup                           - Undefined Weak Reference
    _atexit_init                              - Undefined Weak Reference
    _call_atexit_fns                          - Undefined Weak Reference
    _clock_init                               - Undefined Weak Reference
    _fp_trap_init                             - Undefined Weak Reference
    _fp_trap_shutdown                         - Undefined Weak Reference
    _get_lc_collate                           - Undefined Weak Reference
    _get_lc_ctype                             - Undefined Weak Reference
    _get_lc_monetary                          - Undefined Weak Reference
    _get_lc_numeric                           - Undefined Weak Reference
    _get_lc_time                              - Undefined Weak Reference
    _getenv_init                              - Undefined Weak Reference
    _handle_redirection                       - Undefined Weak Reference
    _init_alloc                               - Undefined Weak Reference
    _init_user_alloc                          - Undefined Weak Reference
    _initio                                   - Undefined Weak Reference
    _rand_init                                - Undefined Weak Reference
    _signal_finish                            - Undefined Weak Reference
    _signal_init                              - Undefined Weak Reference
    _terminate_alloc                          - Undefined Weak Reference
    _terminate_user_alloc                     - Undefined Weak Reference
    _terminateio                              - Undefined Weak Reference
    __Vectors_Size                           0x000001ac   Number         0  startup_stm32f429xx.o ABSOLUTE
    __Vectors                                0x08000000   Data           4  startup_stm32f429xx.o(RESET)
    __Vectors_End                            0x080001ac   Data           0  startup_stm32f429xx.o(RESET)
    __main                                   0x080001ad   Thumb Code     8  __main.o(!!!main)
    __scatterload                            0x080001b5   Thumb Code     0  __scatter.o(!!!scatter)
    __scatterload_rt2                        0x080001b5   Thumb Code    44  __scatter.o(!!!scatter)
    __scatterload_rt2_thumb_only             0x080001b5   Thumb Code     0  __scatter.o(!!!scatter)
    __scatterload_null                       0x080001c3   Thumb Code     0  __scatter.o(!!!scatter)
    __decompress                             0x080001e9   Thumb Code    58  __dczerorl.o(!!dczerorl)
    __decompress0                            0x080001e9   Thumb Code     0  __dczerorl.o(!!dczerorl)
    __scatterload_zeroinit                   0x08000225   Thumb Code    28  __scatter_zi.o(!!handler_zi)
    __rt_lib_init                            0x08000241   Thumb Code     0  libinit.o(.ARM.Collect$$libinit$$00000000)
    __rt_lib_init_fp_1                       0x08000243   Thumb Code     0  libinit2.o(.ARM.Collect$$libinit$$00000001)
    __rt_lib_init_alloca_1                   0x08000247   Thumb Code     0  libinit2.o(.ARM.Collect$$libinit$$0000002E)
    __rt_lib_init_argv_1                     0x08000247   Thumb Code     0  libinit2.o(.ARM.Collect$$libinit$$0000002C)
    __rt_lib_init_atexit_1                   0x08000247   Thumb Code     0  libinit2.o(.ARM.Collect$$libinit$$0000001B)
    __rt_lib_init_clock_1                    0x08000247   Thumb Code     0  libinit2.o(.ARM.Collect$$libinit$$00000021)
    __rt_lib_init_cpp_1                      0x08000247   Thumb Code     0  libinit2.o(.ARM.Collect$$libinit$$00000032)
    __rt_lib_init_exceptions_1               0x08000247   Thumb Code     0  libinit2.o(.ARM.Collect$$libinit$$00000030)
    __rt_lib_init_fp_trap_1                  0x08000247   Thumb Code     0  libinit2.o(.ARM.Collect$$libinit$$0000001F)
    __rt_lib_init_getenv_1                   0x08000247   Thumb Code     0  libinit2.o(.ARM.Collect$$libinit$$00000023)
    __rt_lib_init_heap_1                     0x08000247   Thumb Code     0  libinit2.o(.ARM.Collect$$libinit$$0000000A)
    __rt_lib_init_lc_collate_1               0x08000247   Thumb Code     0  libinit2.o(.ARM.Collect$$libinit$$00000011)
    __rt_lib_init_lc_ctype_1                 0x08000247   Thumb Code     0  libinit2.o(.ARM.Collect$$libinit$$00000013)
    __rt_lib_init_lc_monetary_1              0x08000247   Thumb Code     0  libinit2.o(.ARM.Collect$$libinit$$00000015)
    __rt_lib_init_lc_numeric_1               0x08000247   Thumb Code     0  libinit2.o(.ARM.Collect$$libinit$$00000017)
    __rt_lib_init_lc_time_1                  0x08000247   Thumb Code     0  libinit2.o(.ARM.Collect$$libinit$$00000019)
    __rt_lib_init_preinit_1                  0x08000247   Thumb Code     0  libinit2.o(.ARM.Collect$$libinit$$00000004)
    __rt_lib_init_rand_1                     0x08000247   Thumb Code     0  libinit2.o(.ARM.Collect$$libinit$$0000000E)
    __rt_lib_init_return                     0x08000247   Thumb Code     0  libinit2.o(.ARM.Collect$$libinit$$00000033)
    __rt_lib_init_signal_1                   0x08000247   Thumb Code     0  libinit2.o(.ARM.Collect$$libinit$$0000001D)
    __rt_lib_init_stdio_1                    0x08000247   Thumb Code     0  libinit2.o(.ARM.Collect$$libinit$$00000025)
    __rt_lib_init_user_alloc_1               0x08000247   Thumb Code     0  libinit2.o(.ARM.Collect$$libinit$$0000000C)
    __rt_lib_shutdown                        0x08000249   Thumb Code     0  libshutdown.o(.ARM.Collect$$libshutdown$$00000000)
    __rt_lib_shutdown_cpp_1                  0x0800024b   Thumb Code     0  libshutdown2.o(.ARM.Collect$$libshutdown$$00000004)
    __rt_lib_shutdown_fini_1                 0x0800024b   Thumb Code     0  libshutdown2.o(.ARM.Collect$$libshutdown$$00000002)
    __rt_lib_shutdown_fp_trap_1              0x0800024b   Thumb Code     0  libshutdown2.o(.ARM.Collect$$libshutdown$$00000009)
    __rt_lib_shutdown_heap_1                 0x0800024b   Thumb Code     0  libshutdown2.o(.ARM.Collect$$libshutdown$$00000011)
    __rt_lib_shutdown_return                 0x0800024b   Thumb Code     0  libshutdown2.o(.ARM.Collect$$libshutdown$$00000012)
    __rt_lib_shutdown_signal_1               0x0800024b   Thumb Code     0  libshutdown2.o(.ARM.Collect$$libshutdown$$0000000C)
    __rt_lib_shutdown_stdio_1                0x0800024b   Thumb Code     0  libshutdown2.o(.ARM.Collect$$libshutdown$$00000006)
    __rt_lib_shutdown_user_alloc_1           0x0800024b   Thumb Code     0  libshutdown2.o(.ARM.Collect$$libshutdown$$0000000E)
    __rt_entry                               0x0800024d   Thumb Code     0  __rtentry.o(.ARM.Collect$$rtentry$$00000000)
    __rt_entry_presh_1                       0x0800024d   Thumb Code     0  __rtentry2.o(.ARM.Collect$$rtentry$$00000002)
    __rt_entry_sh                            0x0800024d   Thumb Code     0  __rtentry4.o(.ARM.Collect$$rtentry$$00000004)
    __rt_entry_postsh_1                      0x08000253   Thumb Code     0  __rtentry2.o(.ARM.Collect$$rtentry$$00000008)
    __rt_entry_li                            0x0800025b   Thumb Code     0  __rtentry2.o(.ARM.Collect$$rtentry$$0000000A)
    __rt_entry_main                          0x0800025f   Thumb Code     0  __rtentry2.o(.ARM.Collect$$rtentry$$0000000D)
    __rt_entry_postli_1                      0x0800025f   Thumb Code     0  __rtentry2.o(.ARM.Collect$$rtentry$$0000000C)
    __rt_exit                                0x08000267   Thumb Code     0  rtexit.o(.ARM.Collect$$rtexit$$00000000)
    __rt_exit_ls                             0x08000269   Thumb Code     0  rtexit2.o(.ARM.Collect$$rtexit$$00000003)
    __rt_exit_prels_1                        0x08000269   Thumb Code     0  rtexit2.o(.ARM.Collect$$rtexit$$00000002)
    __rt_exit_exit                           0x0800026d   Thumb Code     0  rtexit2.o(.ARM.Collect$$rtexit$$00000004)
    Reset_Handler                            0x08000275   Thumb Code     8  startup_stm32f429xx.o(.text)
    ADC_IRQHandler                           0x0800028f   Thumb Code     0  startup_stm32f429xx.o(.text)
    CAN1_RX0_IRQHandler                      0x0800028f   Thumb Code     0  startup_stm32f429xx.o(.text)
    CAN1_RX1_IRQHandler                      0x0800028f   Thumb Code     0  startup_stm32f429xx.o(.text)
    CAN1_SCE_IRQHandler                      0x0800028f   Thumb Code     0  startup_stm32f429xx.o(.text)
    CAN1_TX_IRQHandler                       0x0800028f   Thumb Code     0  startup_stm32f429xx.o(.text)
    CAN2_RX0_IRQHandler                      0x0800028f   Thumb Code     0  startup_stm32f429xx.o(.text)
    CAN2_RX1_IRQHandler                      0x0800028f   Thumb Code     0  startup_stm32f429xx.o(.text)
    CAN2_SCE_IRQHandler                      0x0800028f   Thumb Code     0  startup_stm32f429xx.o(.text)
    CAN2_TX_IRQHandler                       0x0800028f   Thumb Code     0  startup_stm32f429xx.o(.text)
    DCMI_IRQHandler                          0x0800028f   Thumb Code     0  startup_stm32f429xx.o(.text)
    DMA1_Stream0_IRQHandler                  0x0800028f   Thumb Code     0  startup_stm32f429xx.o(.text)
    DMA1_Stream1_IRQHandler                  0x0800028f   Thumb Code     0  startup_stm32f429xx.o(.text)
    DMA1_Stream2_IRQHandler                  0x0800028f   Thumb Code     0  startup_stm32f429xx.o(.text)
    DMA1_Stream3_IRQHandler                  0x0800028f   Thumb Code     0  startup_stm32f429xx.o(.text)
    DMA1_Stream4_IRQHandler                  0x0800028f   Thumb Code     0  startup_stm32f429xx.o(.text)
    DMA1_Stream6_IRQHandler                  0x0800028f   Thumb Code     0  startup_stm32f429xx.o(.text)
    DMA1_Stream7_IRQHandler                  0x0800028f   Thumb Code     0  startup_stm32f429xx.o(.text)
    DMA2D_IRQHandler                         0x0800028f   Thumb Code     0  startup_stm32f429xx.o(.text)
    DMA2_Stream0_IRQHandler                  0x0800028f   Thumb Code     0  startup_stm32f429xx.o(.text)
    DMA2_Stream1_IRQHandler                  0x0800028f   Thumb Code     0  startup_stm32f429xx.o(.text)
    DMA2_Stream2_IRQHandler                  0x0800028f   Thumb Code     0  startup_stm32f429xx.o(.text)
    DMA2_Stream3_IRQHandler                  0x0800028f   Thumb Code     0  startup_stm32f429xx.o(.text)
    DMA2_Stream4_IRQHandler                  0x0800028f   Thumb Code     0  startup_stm32f429xx.o(.text)
    DMA2_Stream5_IRQHandler                  0x0800028f   Thumb Code     0  startup_stm32f429xx.o(.text)
    DMA2_Stream6_IRQHandler                  0x0800028f   Thumb Code     0  startup_stm32f429xx.o(.text)
    DMA2_Stream7_IRQHandler                  0x0800028f   Thumb Code     0  startup_stm32f429xx.o(.text)
    ETH_IRQHandler                           0x0800028f   Thumb Code     0  startup_stm32f429xx.o(.text)
    ETH_WKUP_IRQHandler                      0x0800028f   Thumb Code     0  startup_stm32f429xx.o(.text)
    EXTI0_IRQHandler                         0x0800028f   Thumb Code     0  startup_stm32f429xx.o(.text)
    EXTI1_IRQHandler                         0x0800028f   Thumb Code     0  startup_stm32f429xx.o(.text)
    EXTI2_IRQHandler                         0x0800028f   Thumb Code     0  startup_stm32f429xx.o(.text)
    EXTI3_IRQHandler                         0x0800028f   Thumb Code     0  startup_stm32f429xx.o(.text)
    EXTI4_IRQHandler                         0x0800028f   Thumb Code     0  startup_stm32f429xx.o(.text)
    EXTI9_5_IRQHandler                       0x0800028f   Thumb Code     0  startup_stm32f429xx.o(.text)
    FLASH_IRQHandler                         0x0800028f   Thumb Code     0  startup_stm32f429xx.o(.text)
    FMC_IRQHandler                           0x0800028f   Thumb Code     0  startup_stm32f429xx.o(.text)
    FPU_IRQHandler                           0x0800028f   Thumb Code     0  startup_stm32f429xx.o(.text)
    HASH_RNG_IRQHandler                      0x0800028f   Thumb Code     0  startup_stm32f429xx.o(.text)
    I2C1_ER_IRQHandler                       0x0800028f   Thumb Code     0  startup_stm32f429xx.o(.text)
    I2C1_EV_IRQHandler                       0x0800028f   Thumb Code     0  startup_stm32f429xx.o(.text)
    I2C2_ER_IRQHandler                       0x0800028f   Thumb Code     0  startup_stm32f429xx.o(.text)
    I2C2_EV_IRQHandler                       0x0800028f   Thumb Code     0  startup_stm32f429xx.o(.text)
    I2C3_ER_IRQHandler                       0x0800028f   Thumb Code     0  startup_stm32f429xx.o(.text)
    I2C3_EV_IRQHandler                       0x0800028f   Thumb Code     0  startup_stm32f429xx.o(.text)
    LTDC_ER_IRQHandler                       0x0800028f   Thumb Code     0  startup_stm32f429xx.o(.text)
    LTDC_IRQHandler                          0x0800028f   Thumb Code     0  startup_stm32f429xx.o(.text)
    OTG_FS_IRQHandler                        0x0800028f   Thumb Code     0  startup_stm32f429xx.o(.text)
    OTG_FS_WKUP_IRQHandler                   0x0800028f   Thumb Code     0  startup_stm32f429xx.o(.text)
    OTG_HS_EP1_IN_IRQHandler                 0x0800028f   Thumb Code     0  startup_stm32f429xx.o(.text)
    OTG_HS_EP1_OUT_IRQHandler                0x0800028f   Thumb Code     0  startup_stm32f429xx.o(.text)
    OTG_HS_IRQHandler                        0x0800028f   Thumb Code     0  startup_stm32f429xx.o(.text)
    OTG_HS_WKUP_IRQHandler                   0x0800028f   Thumb Code     0  startup_stm32f429xx.o(.text)
    PVD_IRQHandler                           0x0800028f   Thumb Code     0  startup_stm32f429xx.o(.text)
    RCC_IRQHandler                           0x0800028f   Thumb Code     0  startup_stm32f429xx.o(.text)
    RTC_Alarm_IRQHandler                     0x0800028f   Thumb Code     0  startup_stm32f429xx.o(.text)
    RTC_WKUP_IRQHandler                      0x0800028f   Thumb Code     0  startup_stm32f429xx.o(.text)
    SAI1_IRQHandler                          0x0800028f   Thumb Code     0  startup_stm32f429xx.o(.text)
    SDIO_IRQHandler                          0x0800028f   Thumb Code     0  startup_stm32f429xx.o(.text)
    SPI1_IRQHandler                          0x0800028f   Thumb Code     0  startup_stm32f429xx.o(.text)
    SPI2_IRQHandler                          0x0800028f   Thumb Code     0  startup_stm32f429xx.o(.text)
    SPI3_IRQHandler                          0x0800028f   Thumb Code     0  startup_stm32f429xx.o(.text)
    SPI4_IRQHandler                          0x0800028f   Thumb Code     0  startup_stm32f429xx.o(.text)
    SPI5_IRQHandler                          0x0800028f   Thumb Code     0  startup_stm32f429xx.o(.text)
    SPI6_IRQHandler                          0x0800028f   Thumb Code     0  startup_stm32f429xx.o(.text)
    TAMP_STAMP_IRQHandler                    0x0800028f   Thumb Code     0  startup_stm32f429xx.o(.text)
    TIM1_BRK_TIM9_IRQHandler                 0x0800028f   Thumb Code     0  startup_stm32f429xx.o(.text)
    TIM1_CC_IRQHandler                       0x0800028f   Thumb Code     0  startup_stm32f429xx.o(.text)
    TIM1_TRG_COM_TIM11_IRQHandler            0x0800028f   Thumb Code     0  startup_stm32f429xx.o(.text)
    TIM1_UP_TIM10_IRQHandler                 0x0800028f   Thumb Code     0  startup_stm32f429xx.o(.text)
    TIM2_IRQHandler                          0x0800028f   Thumb Code     0  startup_stm32f429xx.o(.text)
    TIM3_IRQHandler                          0x0800028f   Thumb Code     0  startup_stm32f429xx.o(.text)
    TIM4_IRQHandler                          0x0800028f   Thumb Code     0  startup_stm32f429xx.o(.text)
    TIM5_IRQHandler                          0x0800028f   Thumb Code     0  startup_stm32f429xx.o(.text)
    TIM6_DAC_IRQHandler                      0x0800028f   Thumb Code     0  startup_stm32f429xx.o(.text)
    TIM7_IRQHandler                          0x0800028f   Thumb Code     0  startup_stm32f429xx.o(.text)
    TIM8_BRK_TIM12_IRQHandler                0x0800028f   Thumb Code     0  startup_stm32f429xx.o(.text)
    TIM8_CC_IRQHandler                       0x0800028f   Thumb Code     0  startup_stm32f429xx.o(.text)
    TIM8_TRG_COM_TIM14_IRQHandler            0x0800028f   Thumb Code     0  startup_stm32f429xx.o(.text)
    TIM8_UP_TIM13_IRQHandler                 0x0800028f   Thumb Code     0  startup_stm32f429xx.o(.text)
    UART4_IRQHandler                         0x0800028f   Thumb Code     0  startup_stm32f429xx.o(.text)
    UART5_IRQHandler                         0x0800028f   Thumb Code     0  startup_stm32f429xx.o(.text)
    UART7_IRQHandler                         0x0800028f   Thumb Code     0  startup_stm32f429xx.o(.text)
    UART8_IRQHandler                         0x0800028f   Thumb Code     0  startup_stm32f429xx.o(.text)
    USART1_IRQHandler                        0x0800028f   Thumb Code     0  startup_stm32f429xx.o(.text)
    USART2_IRQHandler                        0x0800028f   Thumb Code     0  startup_stm32f429xx.o(.text)
    USART3_IRQHandler                        0x0800028f   Thumb Code     0  startup_stm32f429xx.o(.text)
    USART6_IRQHandler                        0x0800028f   Thumb Code     0  startup_stm32f429xx.o(.text)
    WWDG_IRQHandler                          0x0800028f   Thumb Code     0  startup_stm32f429xx.o(.text)
    __user_initial_stackheap                 0x08000291   Thumb Code     0  startup_stm32f429xx.o(.text)
    SVC_Handler                              0x080002b5   Thumb Code   154  irq_armv7m.o(.text)
    PendSV_Handler                           0x0800034f   Thumb Code    16  irq_armv7m.o(.text)
    SysTick_Handler                          0x0800035f   Thumb Code    16  irq_armv7m.o(.text)
    __aeabi_uldivmod                         0x0800037d   Thumb Code     0  lludivv7m.o(.text)
    _ll_udiv                                 0x0800037d   Thumb Code   238  lludivv7m.o(.text)
    __aeabi_memcpy                           0x0800046b   Thumb Code     0  rt_memcpy_v6.o(.text)
    __rt_memcpy                              0x0800046b   Thumb Code   138  rt_memcpy_v6.o(.text)
    _memcpy_lastbytes                        0x080004d1   Thumb Code     0  rt_memcpy_v6.o(.text)
    __aeabi_memclr                           0x080004f5   Thumb Code     0  rt_memclr.o(.text)
    __rt_memclr                              0x080004f5   Thumb Code    68  rt_memclr.o(.text)
    _memset                                  0x080004f9   Thumb Code     0  rt_memclr.o(.text)
    __aeabi_memclr4                          0x08000539   Thumb Code     0  rt_memclr_w.o(.text)
    __aeabi_memclr8                          0x08000539   Thumb Code     0  rt_memclr_w.o(.text)
    __rt_memclr_w                            0x08000539   Thumb Code    78  rt_memclr_w.o(.text)
    _memset_w                                0x0800053d   Thumb Code     0  rt_memclr_w.o(.text)
    __use_two_region_memory                  0x08000587   Thumb Code     2  heapauxi.o(.text)
    __rt_heap_escrow$2region                 0x08000589   Thumb Code     2  heapauxi.o(.text)
    __rt_heap_expand$2region                 0x0800058b   Thumb Code     2  heapauxi.o(.text)
    __read_errno                             0x0800058d   Thumb Code    10  _rserrno.o(.text)
    __set_errno                              0x08000597   Thumb Code    12  _rserrno.o(.text)
    __aeabi_memcpy4                          0x080005a3   Thumb Code     0  rt_memcpy_w.o(.text)
    __aeabi_memcpy8                          0x080005a3   Thumb Code     0  rt_memcpy_w.o(.text)
    __rt_memcpy_w                            0x080005a3   Thumb Code   100  rt_memcpy_w.o(.text)
    _memcpy_lastbytes_aligned                0x080005eb   Thumb Code     0  rt_memcpy_w.o(.text)
    __aeabi_errno_addr                       0x08000607   Thumb Code     4  rt_errno_addr_twolibspace.o(.text)
    __errno$twolibspace                      0x08000607   Thumb Code     0  rt_errno_addr_twolibspace.o(.text)
    __rt_errno_addr$twolibspace              0x08000607   Thumb Code     0  rt_errno_addr_twolibspace.o(.text)
    __user_libspace                          0x0800060d   Thumb Code     8  libspace.o(.text)
    __user_perproc_libspace                  0x0800060d   Thumb Code     0  libspace.o(.text)
    __user_setup_stackheap                   0x08000615   Thumb Code    74  sys_stackheap_outer.o(.text)
    exit                                     0x0800065f   Thumb Code    18  exit.o(.text)
    _sys_exit                                0x08000671   Thumb Code     8  sys_exit.o(.text)
    __I$use$semihosting                      0x0800067d   Thumb Code     0  use_no_semi.o(.text)
    __use_no_semihosting_swi                 0x0800067d   Thumb Code     2  use_no_semi.o(.text)
    __semihosting_library_function           0x0800067f   Thumb Code     0  indicate_semi.o(.text)
    OS_Tick_AcknowledgeIRQ                   0x08000735   Thumb Code     8  os_systick.o(.text.OS_Tick_AcknowledgeIRQ)
    OS_Tick_Enable                           0x08000741   Thumb Code    32  os_systick.o(.text.OS_Tick_Enable)
    OS_Tick_GetIRQn                          0x0800076d   Thumb Code     6  os_systick.o(.text.OS_Tick_GetIRQn)
    OS_Tick_Setup                            0x08000775   Thumb Code    48  os_systick.o(.text.OS_Tick_Setup)
    osDelay                                  0x08000885   Thumb Code    32  rtx_delay.o(.text.osDelay)
    osKernelGetState                         0x080008a9   Thumb Code    40  rtx_kernel.o(.text.osKernelGetState)
    osKernelGetTickCount                     0x080008d9   Thumb Code    32  rtx_kernel.o(.text.osKernelGetTickCount)
    osKernelInitialize                       0x08000901   Thumb Code    40  rtx_kernel.o(.text.osKernelInitialize)
    osKernelStart                            0x0800092d   Thumb Code    32  rtx_kernel.o(.text.osKernelStart)
    osMessageQueueGet                        0x08000951   Thumb Code   108  rtx_msgqueue.o(.text.osMessageQueueGet)
    osMessageQueuePut                        0x080009c1   Thumb Code   124  rtx_msgqueue.o(.text.osMessageQueuePut)
    osMutexAcquire                           0x08000a41   Thumb Code    32  rtx_mutex.o(.text.osMutexAcquire)
    osMutexDelete                            0x08000a65   Thumb Code    32  rtx_mutex.o(.text.osMutexDelete)
    osMutexNew                               0x08000a89   Thumb Code    32  rtx_mutex.o(.text.osMutexNew)
    osMutexRelease                           0x08000aad   Thumb Code    32  rtx_mutex.o(.text.osMutexRelease)
    osRtxKernelErrorNotify                   0x08000ad1   Thumb Code     4  rtx_kernel.o(.text.osRtxKernelErrorNotify)
    osRtxKernelPreInit                       0x08000ad5   Thumb Code     2  rtx_kernel.o(.text.osRtxKernelPreInit)
    osRtxMemoryAlloc                         0x08000ad7   Thumb Code   108  rtx_memory.o(.text.osRtxMemoryAlloc)
    osRtxMemoryFree                          0x08000b43   Thumb Code    66  rtx_memory.o(.text.osRtxMemoryFree)
    osRtxMemoryInit                          0x08000b85   Thumb Code    54  rtx_memory.o(.text.osRtxMemoryInit)
    osRtxMemoryPoolAlloc                     0x08000bbb   Thumb Code    58  rtx_mempool.o(.text.osRtxMemoryPoolAlloc)
    osRtxMemoryPoolFree                      0x08000bf5   Thumb Code    74  rtx_mempool.o(.text.osRtxMemoryPoolFree)
    osRtxMemoryPoolInit                      0x08000c3f   Thumb Code    56  rtx_mempool.o(.text.osRtxMemoryPoolInit)
    osRtxMessageQueueTimerSetup              0x08000d21   Thumb Code    32  rtx_msgqueue.o(.text.osRtxMessageQueueTimerSetup)
    osRtxMutexOwnerRelease                   0x08000d49   Thumb Code    72  rtx_mutex.o(.text.osRtxMutexOwnerRelease)
    osRtxMutexOwnerRestore                   0x08000d91   Thumb Code    66  rtx_mutex.o(.text.osRtxMutexOwnerRestore)
    osRtxPendSV_Handler                      0x08000dd5   Thumb Code   136  rtx_system.o(.text.osRtxPendSV_Handler)
    osRtxPostProcess                         0x08000e61   Thumb Code   108  rtx_system.o(.text.osRtxPostProcess)
    osRtxThreadDelayTick                     0x08000fcd   Thumb Code    72  rtx_thread.o(.text.osRtxThreadDelayTick)
    osRtxThreadDispatch                      0x0800103d   Thumb Code    80  rtx_thread.o(.text.osRtxThreadDispatch)
    osRtxThreadListGet                       0x08001107   Thumb Code    18  rtx_thread.o(.text.osRtxThreadListGet)
    osRtxThreadListPut                       0x08001119   Thumb Code    44  rtx_thread.o(.text.osRtxThreadListPut)
    osRtxThreadListRemove                    0x08001145   Thumb Code    20  rtx_thread.o(.text.osRtxThreadListRemove)
    osRtxThreadListSort                      0x08001165   Thumb Code    38  rtx_thread.o(.text.osRtxThreadListSort)
    osRtxThreadReadyPut                      0x080011b5   Thumb Code    16  rtx_thread.o(.text.osRtxThreadReadyPut)
    osRtxThreadRegPtr                        0x080011c9   Thumb Code    20  rtx_thread.o(.text.osRtxThreadRegPtr)
    osRtxThreadStartup                       0x080011dd   Thumb Code    48  rtx_thread.o(.text.osRtxThreadStartup)
    osRtxThreadSwitch                        0x08001219   Thumb Code    12  rtx_thread.o(.text.osRtxThreadSwitch)
    osRtxThreadWaitEnter                     0x08001229   Thumb Code    56  rtx_thread.o(.text.osRtxThreadWaitEnter)
    osRtxThreadWaitExit                      0x08001265   Thumb Code    48  rtx_thread.o(.text.osRtxThreadWaitExit)
    osRtxTick_Handler                        0x08001295   Thumb Code   116  rtx_system.o(.text.osRtxTick_Handler)
    osRtxTimerSetup                          0x0800130d   Thumb Code    24  rtx_timer.o(.text.osRtxTimerSetup)
    osRtxTimerThread                         0x0800132d   Thumb Code    32  rtx_timer.o(.text.osRtxTimerThread)
    osThreadExit                             0x080013bd   Thumb Code     8  rtx_thread.o(.text.osThreadExit)
    osThreadFlagsSet                         0x080013c9   Thumb Code    84  rtx_thread.o(.text.osThreadFlagsSet)
    osThreadFlagsWait                        0x08001421   Thumb Code    32  rtx_thread.o(.text.osThreadFlagsWait)
    osThreadGetId                            0x08001445   Thumb Code    32  rtx_thread.o(.text.osThreadGetId)
    osThreadNew                              0x0800146d   Thumb Code    32  rtx_thread.o(.text.osThreadNew)
    osThreadYield                            0x08001491   Thumb Code    32  rtx_thread.o(.text.osThreadYield)
    osTimerNew                               0x080014b5   Thumb Code    32  rtx_timer.o(.text.osTimerNew)
    BusFault_Handler                         0x08001f39   Thumb Code     4  stm32f4xx_it.o(i.BusFault_Handler)
    DAC_DMAConvCpltCh2                       0x08001f4f   Thumb Code    18  stm32f4xx_hal_dac_ex.o(i.DAC_DMAConvCpltCh2)
    DAC_DMAErrorCh2                          0x08001f7b   Thumb Code    26  stm32f4xx_hal_dac_ex.o(i.DAC_DMAErrorCh2)
    DAC_DMAHalfConvCpltCh2                   0x08001fa3   Thumb Code    14  stm32f4xx_hal_dac_ex.o(i.DAC_DMAHalfConvCpltCh2)
    DMA1_Stream5_IRQHandler                  0x08001fb1   Thumb Code    10  stm32f4xx_it.o(i.DMA1_Stream5_IRQHandler)
    DebugMon_Handler                         0x080020cb   Thumb Code     2  stm32f4xx_it.o(i.DebugMon_Handler)
    EXTI15_10_IRQHandler                     0x080020cd   Thumb Code    12  stm32f4xx_it.o(i.EXTI15_10_IRQHandler)
    HAL_DACEx_ConvCpltCallbackCh2            0x080020df   Thumb Code     2  stm32f4xx_hal_dac_ex.o(i.HAL_DACEx_ConvCpltCallbackCh2)
    HAL_DACEx_ConvHalfCpltCallbackCh2        0x080020e1   Thumb Code     2  stm32f4xx_hal_dac_ex.o(i.HAL_DACEx_ConvHalfCpltCallbackCh2)
    HAL_DACEx_ErrorCallbackCh2               0x080020e3   Thumb Code     2  stm32f4xx_hal_dac_ex.o(i.HAL_DACEx_ErrorCallbackCh2)
    HAL_DAC_ConfigChannel                    0x080020e5   Thumb Code    90  stm32f4xx_hal_dac.o(i.HAL_DAC_ConfigChannel)
    HAL_DAC_ConvCpltCallbackCh1              0x0800213f   Thumb Code     2  stm32f4xx_hal_dac.o(i.HAL_DAC_ConvCpltCallbackCh1)
    HAL_DAC_ConvHalfCpltCallbackCh1          0x08002141   Thumb Code     2  stm32f4xx_hal_dac.o(i.HAL_DAC_ConvHalfCpltCallbackCh1)
    HAL_DAC_ErrorCallbackCh1                 0x08002143   Thumb Code     2  stm32f4xx_hal_dac.o(i.HAL_DAC_ErrorCallbackCh1)
    HAL_DAC_Init                             0x08002145   Thumb Code    40  stm32f4xx_hal_dac.o(i.HAL_DAC_Init)
    HAL_DAC_MspInit                          0x0800216d   Thumb Code   174  dac.o(i.HAL_DAC_MspInit)
    HAL_DAC_Start_DMA                        0x08002231   Thumb Code   262  stm32f4xx_hal_dac.o(i.HAL_DAC_Start_DMA)
    HAL_DAC_Stop_DMA                         0x08002351   Thumb Code    74  stm32f4xx_hal_dac.o(i.HAL_DAC_Stop_DMA)
    HAL_DMA_Abort                            0x0800239b   Thumb Code   170  stm32f4xx_hal_dma.o(i.HAL_DMA_Abort)
    HAL_DMA_IRQHandler                       0x08002445   Thumb Code   570  stm32f4xx_hal_dma.o(i.HAL_DMA_IRQHandler)
    HAL_DMA_Init                             0x08002685   Thumb Code   232  stm32f4xx_hal_dma.o(i.HAL_DMA_Init)
    HAL_DMA_Start_IT                         0x08002771   Thumb Code   146  stm32f4xx_hal_dma.o(i.HAL_DMA_Start_IT)
    HAL_Delay                                0x08002805   Thumb Code    36  stm32f4xx_hal.o(i.HAL_Delay)
    HAL_GPIO_EXTI_Callback                   0x0800282d   Thumb Code    22  stm32f4xx_it.o(i.HAL_GPIO_EXTI_Callback)
    HAL_GPIO_EXTI_IRQHandler                 0x08002849   Thumb Code    24  stm32f4xx_hal_gpio.o(i.HAL_GPIO_EXTI_IRQHandler)
    HAL_GPIO_Init                            0x08002865   Thumb Code   486  stm32f4xx_hal_gpio.o(i.HAL_GPIO_Init)
    HAL_GPIO_TogglePin                       0x08002a81   Thumb Code    18  stm32f4xx_hal_gpio.o(i.HAL_GPIO_TogglePin)
    HAL_GetREVID                             0x08002a95   Thumb Code     8  stm32f4xx_hal.o(i.HAL_GetREVID)
    HAL_GetTick                              0x08002aa1   Thumb Code    66  main.o(i.HAL_GetTick)
    HAL_Init                                 0x08002aed   Thumb Code    44  stm32f4xx_hal.o(i.HAL_Init)
    HAL_InitTick                             0x08002b1d   Thumb Code    64  stm32f4xx_hal.o(i.HAL_InitTick)
    HAL_MspInit                              0x08002b69   Thumb Code     2  stm32f4xx_hal.o(i.HAL_MspInit)
    HAL_NVIC_EnableIRQ                       0x08002b6b   Thumb Code    40  stm32f4xx_hal_cortex.o(i.HAL_NVIC_EnableIRQ)
    HAL_NVIC_SetPriority                     0x08002b93   Thumb Code   124  stm32f4xx_hal_cortex.o(i.HAL_NVIC_SetPriority)
    HAL_NVIC_SetPriorityGrouping             0x08002c11   Thumb Code    32  stm32f4xx_hal_cortex.o(i.HAL_NVIC_SetPriorityGrouping)
    HAL_RCC_ClockConfig                      0x08002c39   Thumb Code   368  stm32f4xx_hal_rcc.o(i.HAL_RCC_ClockConfig)
    HAL_RCC_GetSysClockFreq                  0x08002dbd   Thumb Code   162  stm32f4xx_hal_rcc.o(i.HAL_RCC_GetSysClockFreq)
    HAL_RCC_OscConfig                        0x08002e6d   Thumb Code  1152  stm32f4xx_hal_rcc.o(i.HAL_RCC_OscConfig)
    HAL_SYSTICK_Config                       0x080032f5   Thumb Code    52  stm32f4xx_hal_cortex.o(i.HAL_SYSTICK_Config)
    HAL_TIMEx_MasterConfigSynchronization    0x08003329   Thumb Code   150  stm32f4xx_hal_tim_ex.o(i.HAL_TIMEx_MasterConfigSynchronization)
    HAL_TIM_Base_Init                        0x080033dd   Thumb Code    52  stm32f4xx_hal_tim.o(i.HAL_TIM_Base_Init)
    HAL_TIM_Base_MspInit                     0x08003411   Thumb Code    44  tim.o(i.HAL_TIM_Base_MspInit)
    HAL_TIM_Base_Start                       0x08003441   Thumb Code    42  stm32f4xx_hal_tim.o(i.HAL_TIM_Base_Start)
    HAL_TIM_Base_Stop                        0x0800346b   Thumb Code    56  stm32f4xx_hal_tim.o(i.HAL_TIM_Base_Stop)
    HAL_TIM_ConfigClockSource                0x080034a3   Thumb Code   264  stm32f4xx_hal_tim.o(i.HAL_TIM_ConfigClockSource)
    HardFault_Handler                        0x080035ab   Thumb Code     4  stm32f4xx_it.o(i.HardFault_Handler)
    Init_Thread                              0x080035b1   Thumb Code    32  thread.o(i.Init_Thread)
    Init_Timers                              0x080035d9   Thumb Code    28  timer.o(i.Init_Timers)
    MX_DAC_Init                              0x08003601   Thumb Code    40  dac.o(i.MX_DAC_Init)
    MX_DMA_Init                              0x08003631   Thumb Code    52  dma.o(i.MX_DMA_Init)
    MX_TIM2_Init                             0x08003669   Thumb Code    84  tim.o(i.MX_TIM2_Init)
    MemManage_Handler                        0x080036c1   Thumb Code     4  stm32f4xx_it.o(i.MemManage_Handler)
    NMI_Handler                              0x080036c5   Thumb Code     2  stm32f4xx_it.o(i.NMI_Handler)
    SystemCoreClockUpdate                    0x08003789   Thumb Code   170  system_stm32f4xx.o(i.SystemCoreClockUpdate)
    SystemInit                               0x08003849   Thumb Code    24  system_stm32f4xx.o(i.SystemInit)
    TIM_Base_SetConfig                       0x08003865   Thumb Code   170  stm32f4xx_hal_tim.o(i.TIM_Base_SetConfig)
    TIM_ETR_SetConfig                        0x0800393d   Thumb Code    22  stm32f4xx_hal_tim.o(i.TIM_ETR_SetConfig)
    Thread                                   0x080039b3   Thumb Code    28  thread.o(i.Thread)
    UsageFault_Handler                       0x080039f1   Thumb Code     4  stm32f4xx_it.o(i.UsageFault_Handler)
    __ARM_fpclassify                         0x080039f5   Thumb Code    48  fpclassify.o(i.__ARM_fpclassify)
    __hardfp_sin                             0x08003a61   Thumb Code   180  sin.o(i.__hardfp_sin)
    __ieee754_rem_pio2                       0x08003b29   Thumb Code   938  rred.o(i.__ieee754_rem_pio2)
    __kernel_cos                             0x08003f61   Thumb Code   322  cos_i.o(i.__kernel_cos)
    __kernel_poly                            0x080040d1   Thumb Code   248  poly.o(i.__kernel_poly)
    __kernel_sin                             0x080041c9   Thumb Code   280  sin_i.o(i.__kernel_sin)
    __mathlib_dbl_infnan                     0x080042f9   Thumb Code    20  dunder.o(i.__mathlib_dbl_infnan)
    __mathlib_dbl_invalid                    0x08004311   Thumb Code    24  dunder.o(i.__mathlib_dbl_invalid)
    __mathlib_dbl_underflow                  0x08004331   Thumb Code    24  dunder.o(i.__mathlib_dbl_underflow)
    __user_perthread_libspace                0x08004351   Thumb Code    80  rtx_lib.o(i.__user_perthread_libspace)
    _mutex_acquire                           0x080043a9   Thumb Code    22  rtx_lib.o(i._mutex_acquire)
    _mutex_free                              0x080043bf   Thumb Code    12  rtx_lib.o(i._mutex_free)
    _mutex_initialize                        0x080043cb   Thumb Code    34  rtx_lib.o(i._mutex_initialize)
    _mutex_release                           0x080043ed   Thumb Code    18  rtx_lib.o(i._mutex_release)
    _platform_post_stackheap_init            0x080043ff   Thumb Code     8  rtx_lib.o(i._platform_post_stackheap_init)
    cambiaTono                               0x08004409   Thumb Code    62  timer.o(i.cambiaTono)
    conf_boton                               0x08004455   Thumb Code    64  main.o(i.conf_boton)
    fabs                                     0x080044a5   Thumb Code    24  fabs.o(i.fabs)
    main                                     0x080044bd   Thumb Code    60  main.o(i.main)
    melodiaEntrar                            0x080044fd   Thumb Code    46  timer.o(i.melodiaEntrar)
    osRtxErrorNotify                         0x08004531   Thumb Code    32  rtx_config.o(i.osRtxErrorNotify)
    osRtxIdleThread                          0x08004551   Thumb Code     4  rtx_config.o(i.osRtxIdleThread)
    sinusoide                                0x08004575   Thumb Code   130  main.o(i.sinusoide)
    __aeabi_dneg                             0x0800461d   Thumb Code     0  basic.o(x$fpl$basic)
    _dneg                                    0x0800461d   Thumb Code     6  basic.o(x$fpl$basic)
    __aeabi_fneg                             0x08004623   Thumb Code     0  basic.o(x$fpl$basic)
    _fneg                                    0x08004623   Thumb Code     6  basic.o(x$fpl$basic)
    _dabs                                    0x08004629   Thumb Code     6  basic.o(x$fpl$basic)
    _fabs                                    0x0800462f   Thumb Code     6  basic.o(x$fpl$basic)
    __aeabi_dadd                             0x08004635   Thumb Code     0  daddsub_clz.o(x$fpl$dadd)
    _dadd                                    0x08004635   Thumb Code   332  daddsub_clz.o(x$fpl$dadd)
    __aeabi_ddiv                             0x08004785   Thumb Code     0  ddiv.o(x$fpl$ddiv)
    _ddiv                                    0x08004785   Thumb Code   552  ddiv.o(x$fpl$ddiv)
    __aeabi_d2iz                             0x08004a35   Thumb Code     0  dfix.o(x$fpl$dfix)
    _dfix                                    0x08004a35   Thumb Code    94  dfix.o(x$fpl$dfix)
    __aeabi_d2uiz                            0x08004a95   Thumb Code     0  dfixu.o(x$fpl$dfixu)
    _dfixu                                   0x08004a95   Thumb Code    90  dfixu.o(x$fpl$dfixu)
    __aeabi_i2d                              0x08004aef   Thumb Code     0  dflt_clz.o(x$fpl$dflt)
    _dflt                                    0x08004aef   Thumb Code    46  dflt_clz.o(x$fpl$dflt)
    __aeabi_ui2d                             0x08004b1d   Thumb Code     0  dflt_clz.o(x$fpl$dfltu)
    _dfltu                                   0x08004b1d   Thumb Code    38  dflt_clz.o(x$fpl$dfltu)
    __aeabi_dmul                             0x08004b45   Thumb Code     0  dmul.o(x$fpl$dmul)
    _dmul                                    0x08004b45   Thumb Code   332  dmul.o(x$fpl$dmul)
    __fpl_dnaninf                            0x08004c99   Thumb Code   156  dnaninf.o(x$fpl$dnaninf)
    __fpl_dretinf                            0x08004d35   Thumb Code    12  dretinf.o(x$fpl$dretinf)
    __aeabi_drsub                            0x08004d41   Thumb Code     0  daddsub_clz.o(x$fpl$drsb)
    _drsb                                    0x08004d41   Thumb Code    22  daddsub_clz.o(x$fpl$drsb)
    __aeabi_dsub                             0x08004d59   Thumb Code     0  daddsub_clz.o(x$fpl$dsub)
    _dsub                                    0x08004d59   Thumb Code   464  daddsub_clz.o(x$fpl$dsub)
    _fp_init                                 0x08004f2d   Thumb Code    10  fpinit.o(x$fpl$fpinit)
    __fplib_config_fpu_vfp                   0x08004f35   Thumb Code     0  fpinit.o(x$fpl$fpinit)
    __fplib_config_pureend_doubles           0x08004f35   Thumb Code     0  fpinit.o(x$fpl$fpinit)
    __I$use$fp                               0x08004f36   Number         0  usenofp.o(x$fpl$usenofp)
    irqRtxLibRef                             0x08004f98   Data           4  rtx_lib.o(.constdata)
    osRtxUserSVC                             0x08004f9c   Data           4  rtx_lib.o(.constdata)
    AHBPrescTable                            0x08004fa8   Data          16  system_stm32f4xx.o(.constdata)
    APBPrescTable                            0x08004fb8   Data           8  system_stm32f4xx.o(.constdata)
    osRtxConfig                              0x080050e0   Data         112  rtx_lib.o(.rodata)
    os_cb_sections                           0x08005150   Data          56  rtx_lib.o(.rodata)
    irqRtxLib                                0x08005188   Number         0  irq_armv7m.o(.rodata)
    Region$$Table$$Base                      0x08005198   Number         0  anon$$obj.o(Region$$Table)
    Region$$Table$$Limit                     0x080051b8   Number         0  anon$$obj.o(Region$$Table)
    .bss.os.msgqueue.cb$$Base                0x20008230   Number         0  rtx_lib.o(.bss.os.msgqueue.cb)
    .bss.os.msgqueue.cb$$Limit               0x20008264   Number         0  rtx_lib.o(.bss.os.msgqueue.cb)
    .bss.os.thread.cb$$Base                  0x200082b4   Number         0  rtx_lib.o(.bss.os.thread.cb)
    .bss.os.thread.cb$$Limit                 0x2000833c   Number         0  rtx_lib.o(.bss.os.thread.cb)
    periodos                                 0x20008744   Data          40  timer.o(.data)
    tim_id1                                  0x2000876c   Data           4  timer.o(.data)
    j                                        0x20008774   Data           4  timer.o(.data)
    tid_Thread                               0x20008778   Data           4  thread.o(.data)
    uwTick                                   0x20008780   Data           4  stm32f4xx_hal.o(.data)
    uwTickPrio                               0x20008784   Data           4  stm32f4xx_hal.o(.data)
    uwTickFreq                               0x20008788   Data           1  stm32f4xx_hal.o(.data)
    SystemCoreClock                          0x2000878c   Data           4  system_stm32f4xx.o(.data)
    osRtxInfo                                0x20008790   Data         164  rtx_kernel.o(.data.os)
    sine_val                                 0x20008834   Data         400  main.o(.bss)
    GPIO_InitStruct                          0x200089c4   Data          20  main.o(.bss)
    htim2                                    0x200089d8   Data          64  tim.o(.bss)
    hdac                                     0x20008a18   Data          20  dac.o(.bss)
    hdma_dac1                                0x20008a2c   Data          96  dac.o(.bss)
    __libspace_start                         0x20008a8c   Data          96  libspace.o(.bss)
    __temporary_stack_top$libspace           0x20008aec   Data           0  libspace.o(.bss)



==============================================================================

Memory Map of the image

  Image Entry point : 0x080001ad

  Load Region LR_IROM1 (Base: 0x08000000, Size: 0x0000d9ec, Max: 0x00200000, ABSOLUTE, COMPRESSED[0x000052f0])

    Execution Region ER_IROM1 (Exec base: 0x08000000, Load base: 0x08000000, Size: 0x000051b8, Max: 0x00200000, ABSOLUTE)

    Exec Addr    Load Addr    Size         Type   Attr      Idx    E Section Name        Object

    0x08000000   0x08000000   0x000001ac   Data   RO         2692    RESET               startup_stm32f429xx.o
    0x080001ac   0x080001ac   0x00000008   Code   RO         3232  * !!!main             c_w.l(__main.o)
    0x080001b4   0x080001b4   0x00000034   Code   RO         3495    !!!scatter          c_w.l(__scatter.o)
    0x080001e8   0x080001e8   0x0000003a   Code   RO         3493    !!dczerorl          c_w.l(__dczerorl.o)
    0x08000222   0x08000222   0x00000002   PAD
    0x08000224   0x08000224   0x0000001c   Code   RO         3497    !!handler_zi        c_w.l(__scatter_zi.o)
    0x08000240   0x08000240   0x00000002   Code   RO         3364    .ARM.Collect$$libinit$$00000000  c_w.l(libinit.o)
    0x08000242   0x08000242   0x00000004   Code   RO         3373    .ARM.Collect$$libinit$$00000001  c_w.l(libinit2.o)
    0x08000246   0x08000246   0x00000000   Code   RO         3376    .ARM.Collect$$libinit$$00000004  c_w.l(libinit2.o)
    0x08000246   0x08000246   0x00000000   Code   RO         3379    .ARM.Collect$$libinit$$0000000A  c_w.l(libinit2.o)
    0x08000246   0x08000246   0x00000000   Code   RO         3381    .ARM.Collect$$libinit$$0000000C  c_w.l(libinit2.o)
    0x08000246   0x08000246   0x00000000   Code   RO         3383    .ARM.Collect$$libinit$$0000000E  c_w.l(libinit2.o)
    0x08000246   0x08000246   0x00000000   Code   RO         3386    .ARM.Collect$$libinit$$00000011  c_w.l(libinit2.o)
    0x08000246   0x08000246   0x00000000   Code   RO         3388    .ARM.Collect$$libinit$$00000013  c_w.l(libinit2.o)
    0x08000246   0x08000246   0x00000000   Code   RO         3390    .ARM.Collect$$libinit$$00000015  c_w.l(libinit2.o)
    0x08000246   0x08000246   0x00000000   Code   RO         3392    .ARM.Collect$$libinit$$00000017  c_w.l(libinit2.o)
    0x08000246   0x08000246   0x00000000   Code   RO         3394    .ARM.Collect$$libinit$$00000019  c_w.l(libinit2.o)
    0x08000246   0x08000246   0x00000000   Code   RO         3396    .ARM.Collect$$libinit$$0000001B  c_w.l(libinit2.o)
    0x08000246   0x08000246   0x00000000   Code   RO         3398    .ARM.Collect$$libinit$$0000001D  c_w.l(libinit2.o)
    0x08000246   0x08000246   0x00000000   Code   RO         3400    .ARM.Collect$$libinit$$0000001F  c_w.l(libinit2.o)
    0x08000246   0x08000246   0x00000000   Code   RO         3402    .ARM.Collect$$libinit$$00000021  c_w.l(libinit2.o)
    0x08000246   0x08000246   0x00000000   Code   RO         3404    .ARM.Collect$$libinit$$00000023  c_w.l(libinit2.o)
    0x08000246   0x08000246   0x00000000   Code   RO         3406    .ARM.Collect$$libinit$$00000025  c_w.l(libinit2.o)
    0x08000246   0x08000246   0x00000000   Code   RO         3410    .ARM.Collect$$libinit$$0000002C  c_w.l(libinit2.o)
    0x08000246   0x08000246   0x00000000   Code   RO         3412    .ARM.Collect$$libinit$$0000002E  c_w.l(libinit2.o)
    0x08000246   0x08000246   0x00000000   Code   RO         3414    .ARM.Collect$$libinit$$00000030  c_w.l(libinit2.o)
    0x08000246   0x08000246   0x00000000   Code   RO         3416    .ARM.Collect$$libinit$$00000032  c_w.l(libinit2.o)
    0x08000246   0x08000246   0x00000002   Code   RO         3417    .ARM.Collect$$libinit$$00000033  c_w.l(libinit2.o)
    0x08000248   0x08000248   0x00000002   Code   RO         3448    .ARM.Collect$$libshutdown$$00000000  c_w.l(libshutdown.o)
    0x0800024a   0x0800024a   0x00000000   Code   RO         3474    .ARM.Collect$$libshutdown$$00000002  c_w.l(libshutdown2.o)
    0x0800024a   0x0800024a   0x00000000   Code   RO         3476    .ARM.Collect$$libshutdown$$00000004  c_w.l(libshutdown2.o)
    0x0800024a   0x0800024a   0x00000000   Code   RO         3478    .ARM.Collect$$libshutdown$$00000006  c_w.l(libshutdown2.o)
    0x0800024a   0x0800024a   0x00000000   Code   RO         3481    .ARM.Collect$$libshutdown$$00000009  c_w.l(libshutdown2.o)
    0x0800024a   0x0800024a   0x00000000   Code   RO         3484    .ARM.Collect$$libshutdown$$0000000C  c_w.l(libshutdown2.o)
    0x0800024a   0x0800024a   0x00000000   Code   RO         3486    .ARM.Collect$$libshutdown$$0000000E  c_w.l(libshutdown2.o)
    0x0800024a   0x0800024a   0x00000000   Code   RO         3489    .ARM.Collect$$libshutdown$$00000011  c_w.l(libshutdown2.o)
    0x0800024a   0x0800024a   0x00000002   Code   RO         3490    .ARM.Collect$$libshutdown$$00000012  c_w.l(libshutdown2.o)
    0x0800024c   0x0800024c   0x00000000   Code   RO         3268    .ARM.Collect$$rtentry$$00000000  c_w.l(__rtentry.o)
    0x0800024c   0x0800024c   0x00000000   Code   RO         3313    .ARM.Collect$$rtentry$$00000002  c_w.l(__rtentry2.o)
    0x0800024c   0x0800024c   0x00000006   Code   RO         3325    .ARM.Collect$$rtentry$$00000004  c_w.l(__rtentry4.o)
    0x08000252   0x08000252   0x00000008   Code   RO         3314    .ARM.Collect$$rtentry$$00000008  c_w.l(__rtentry2.o)
    0x0800025a   0x0800025a   0x00000004   Code   RO         3316    .ARM.Collect$$rtentry$$0000000A  c_w.l(__rtentry2.o)
    0x0800025e   0x0800025e   0x00000000   Code   RO         3318    .ARM.Collect$$rtentry$$0000000C  c_w.l(__rtentry2.o)
    0x0800025e   0x0800025e   0x00000008   Code   RO         3319    .ARM.Collect$$rtentry$$0000000D  c_w.l(__rtentry2.o)
    0x08000266   0x08000266   0x00000002   Code   RO         3365    .ARM.Collect$$rtexit$$00000000  c_w.l(rtexit.o)
    0x08000268   0x08000268   0x00000000   Code   RO         3421    .ARM.Collect$$rtexit$$00000002  c_w.l(rtexit2.o)
    0x08000268   0x08000268   0x00000004   Code   RO         3422    .ARM.Collect$$rtexit$$00000003  c_w.l(rtexit2.o)
    0x0800026c   0x0800026c   0x00000006   Code   RO         3423    .ARM.Collect$$rtexit$$00000004  c_w.l(rtexit2.o)
    0x08000272   0x08000272   0x00000002   PAD
    0x08000274   0x08000274   0x00000040   Code   RO         2693    .text               startup_stm32f429xx.o
    0x080002b4   0x080002b4   0x000000c8   Code   RO         3046    .text               RTX_CM4F.lib(irq_armv7m.o)
    0x0800037c   0x0800037c   0x000000ee   Code   RO         3222    .text               c_w.l(lludivv7m.o)
    0x0800046a   0x0800046a   0x0000008a   Code   RO         3224    .text               c_w.l(rt_memcpy_v6.o)
    0x080004f4   0x080004f4   0x00000044   Code   RO         3226    .text               c_w.l(rt_memclr.o)
    0x08000538   0x08000538   0x0000004e   Code   RO         3228    .text               c_w.l(rt_memclr_w.o)
    0x08000586   0x08000586   0x00000006   Code   RO         3230    .text               c_w.l(heapauxi.o)
    0x0800058c   0x0800058c   0x00000016   Code   RO         3273    .text               c_w.l(_rserrno.o)
    0x080005a2   0x080005a2   0x00000064   Code   RO         3275    .text               c_w.l(rt_memcpy_w.o)
    0x08000606   0x08000606   0x00000004   Code   RO         3334    .text               c_w.l(rt_errno_addr_twolibspace.o)
    0x0800060a   0x0800060a   0x00000002   PAD
    0x0800060c   0x0800060c   0x00000008   Code   RO         3350    .text               c_w.l(libspace.o)
    0x08000614   0x08000614   0x0000004a   Code   RO         3353    .text               c_w.l(sys_stackheap_outer.o)
    0x0800065e   0x0800065e   0x00000012   Code   RO         3355    .text               c_w.l(exit.o)
    0x08000670   0x08000670   0x0000000c   Code   RO         3418    .text               c_w.l(sys_exit.o)
    0x0800067c   0x0800067c   0x00000002   Code   RO         3437    .text               c_w.l(use_no_semi.o)
    0x0800067e   0x0800067e   0x00000000   Code   RO         3439    .text               c_w.l(indicate_semi.o)
    0x0800067e   0x0800067e   0x00000040   Code   RO         3162    .text.MessageQueueGet  RTX_CM4F.lib(rtx_msgqueue.o)
    0x080006be   0x080006be   0x00000058   Code   RO         3156    .text.MessageQueuePut  RTX_CM4F.lib(rtx_msgqueue.o)
    0x08000716   0x08000716   0x0000001c   Code   RO         3154    .text.MessageQueueRemove  RTX_CM4F.lib(rtx_msgqueue.o)
    0x08000732   0x08000732   0x00000002   PAD
    0x08000734   0x08000734   0x0000000c   Code   RO         3200    .text.OS_Tick_AcknowledgeIRQ  RTX_CM4F.lib(os_systick.o)
    0x08000740   0x08000740   0x0000002c   Code   RO         3196    .text.OS_Tick_Enable  RTX_CM4F.lib(os_systick.o)
    0x0800076c   0x0800076c   0x00000006   Code   RO         3202    .text.OS_Tick_GetIRQn  RTX_CM4F.lib(os_systick.o)
    0x08000772   0x08000772   0x00000002   PAD
    0x08000774   0x08000774   0x00000040   Code   RO         3194    .text.OS_Tick_Setup  RTX_CM4F.lib(os_systick.o)
    0x080007b4   0x080007b4   0x0000000c   Code   RO         2793    .text.OUTLINED_FUNCTION_0  RTX_CM4F.lib(rtx_kernel.o)
    0x080007c0   0x080007c0   0x00000006   Code   RO         2935    .text.OUTLINED_FUNCTION_0  RTX_CM4F.lib(rtx_thread.o)
    0x080007c6   0x080007c6   0x0000000c   Code   RO         3170    .text.OUTLINED_FUNCTION_0  RTX_CM4F.lib(rtx_msgqueue.o)
    0x080007d2   0x080007d2   0x00000006   Code   RO         2795    .text.OUTLINED_FUNCTION_1  RTX_CM4F.lib(rtx_kernel.o)
    0x080007d8   0x080007d8   0x00000064   Code   RO         2887    .text.ThreadFlagsCheck  RTX_CM4F.lib(rtx_thread.o)
    0x0800083c   0x0800083c   0x00000048   Code   RO         2987    .text.TimerInsert   RTX_CM4F.lib(rtx_timer.o)
    0x08000884   0x08000884   0x00000024   Code   RO         2953    .text.osDelay       RTX_CM4F.lib(rtx_delay.o)
    0x080008a8   0x080008a8   0x00000030   Code   RO         2745    .text.osKernelGetState  RTX_CM4F.lib(rtx_kernel.o)
    0x080008d8   0x080008d8   0x00000028   Code   RO         2761    .text.osKernelGetTickCount  RTX_CM4F.lib(rtx_kernel.o)
    0x08000900   0x08000900   0x0000002c   Code   RO         2739    .text.osKernelInitialize  RTX_CM4F.lib(rtx_kernel.o)
    0x0800092c   0x0800092c   0x00000024   Code   RO         2749    .text.osKernelStart  RTX_CM4F.lib(rtx_kernel.o)
    0x08000950   0x08000950   0x00000070   Code   RO         3130    .text.osMessageQueueGet  RTX_CM4F.lib(rtx_msgqueue.o)
    0x080009c0   0x080009c0   0x00000080   Code   RO         3128    .text.osMessageQueuePut  RTX_CM4F.lib(rtx_msgqueue.o)
    0x08000a40   0x08000a40   0x00000024   Code   RO         3019    .text.osMutexAcquire  RTX_CM4F.lib(rtx_mutex.o)
    0x08000a64   0x08000a64   0x00000024   Code   RO         3025    .text.osMutexDelete  RTX_CM4F.lib(rtx_mutex.o)
    0x08000a88   0x08000a88   0x00000024   Code   RO         3015    .text.osMutexNew    RTX_CM4F.lib(rtx_mutex.o)
    0x08000aac   0x08000aac   0x00000024   Code   RO         3021    .text.osMutexRelease  RTX_CM4F.lib(rtx_mutex.o)
    0x08000ad0   0x08000ad0   0x00000004   Code   RO         2737    .text.osRtxKernelErrorNotify  RTX_CM4F.lib(rtx_kernel.o)
    0x08000ad4   0x08000ad4   0x00000002   Code   RO         2735    .text.osRtxKernelPreInit  RTX_CM4F.lib(rtx_kernel.o)
    0x08000ad6   0x08000ad6   0x0000006c   Code   RO         3056    .text.osRtxMemoryAlloc  RTX_CM4F.lib(rtx_memory.o)
    0x08000b42   0x08000b42   0x00000042   Code   RO         3058    .text.osRtxMemoryFree  RTX_CM4F.lib(rtx_memory.o)
    0x08000b84   0x08000b84   0x00000036   Code   RO         3054    .text.osRtxMemoryInit  RTX_CM4F.lib(rtx_memory.o)
    0x08000bba   0x08000bba   0x0000003a   Code   RO         3070    .text.osRtxMemoryPoolAlloc  RTX_CM4F.lib(rtx_mempool.o)
    0x08000bf4   0x08000bf4   0x0000004a   Code   RO         3072    .text.osRtxMemoryPoolFree  RTX_CM4F.lib(rtx_mempool.o)
    0x08000c3e   0x08000c3e   0x00000038   Code   RO         3068    .text.osRtxMemoryPoolInit  RTX_CM4F.lib(rtx_mempool.o)
    0x08000c76   0x08000c76   0x000000aa   Code   RO         3152    .text.osRtxMessageQueuePostProcess  RTX_CM4F.lib(rtx_msgqueue.o)
    0x08000d20   0x08000d20   0x00000028   Code   RO         3120    .text.osRtxMessageQueueTimerSetup  RTX_CM4F.lib(rtx_msgqueue.o)
    0x08000d48   0x08000d48   0x00000048   Code   RO         3011    .text.osRtxMutexOwnerRelease  RTX_CM4F.lib(rtx_mutex.o)
    0x08000d90   0x08000d90   0x00000042   Code   RO         3013    .text.osRtxMutexOwnerRestore  RTX_CM4F.lib(rtx_mutex.o)
    0x08000dd2   0x08000dd2   0x00000002   PAD
    0x08000dd4   0x08000dd4   0x0000008c   Code   RO         3182    .text.osRtxPendSV_Handler  RTX_CM4F.lib(rtx_system.o)
    0x08000e60   0x08000e60   0x00000074   Code   RO         3184    .text.osRtxPostProcess  RTX_CM4F.lib(rtx_system.o)
    0x08000ed4   0x08000ed4   0x00000038   Code   RO         2827    .text.osRtxThreadBlock  RTX_CM4F.lib(rtx_thread.o)
    0x08000f0c   0x08000f0c   0x00000080   Code   RO         2835    .text.osRtxThreadDelayInsert  RTX_CM4F.lib(rtx_thread.o)
    0x08000f8c   0x08000f8c   0x00000040   Code   RO         2831    .text.osRtxThreadDelayRemove  RTX_CM4F.lib(rtx_thread.o)
    0x08000fcc   0x08000fcc   0x0000004c   Code   RO         2817    .text.osRtxThreadDelayTick  RTX_CM4F.lib(rtx_thread.o)
    0x08001018   0x08001018   0x00000024   Code   RO         2919    .text.osRtxThreadDestroy  RTX_CM4F.lib(rtx_thread.o)
    0x0800103c   0x0800103c   0x00000054   Code   RO         2825    .text.osRtxThreadDispatch  RTX_CM4F.lib(rtx_thread.o)
    0x08001090   0x08001090   0x00000058   Code   RO         2911    .text.osRtxThreadFree  RTX_CM4F.lib(rtx_thread.o)
    0x080010e8   0x080010e8   0x0000001e   Code   RO         2917    .text.osRtxThreadJoinWakeup  RTX_CM4F.lib(rtx_thread.o)
    0x08001106   0x08001106   0x00000012   Code   RO         2809    .text.osRtxThreadListGet  RTX_CM4F.lib(rtx_thread.o)
    0x08001118   0x08001118   0x0000002c   Code   RO         2807    .text.osRtxThreadListPut  RTX_CM4F.lib(rtx_thread.o)
    0x08001144   0x08001144   0x00000014   Code   RO         2813    .text.osRtxThreadListRemove  RTX_CM4F.lib(rtx_thread.o)
    0x08001158   0x08001158   0x0000000c   Code   RO         2819    .text.osRtxThreadListRoot  RTX_CM4F.lib(rtx_thread.o)
    0x08001164   0x08001164   0x00000026   Code   RO         2811    .text.osRtxThreadListSort  RTX_CM4F.lib(rtx_thread.o)
    0x0800118a   0x0800118a   0x00000028   Code   RO         2885    .text.osRtxThreadPostProcess  RTX_CM4F.lib(rtx_thread.o)
    0x080011b2   0x080011b2   0x00000002   PAD
    0x080011b4   0x080011b4   0x00000014   Code   RO         2815    .text.osRtxThreadReadyPut  RTX_CM4F.lib(rtx_thread.o)
    0x080011c8   0x080011c8   0x00000014   Code   RO         2821    .text.osRtxThreadRegPtr  RTX_CM4F.lib(rtx_thread.o)
    0x080011dc   0x080011dc   0x0000003c   Code   RO         2837    .text.osRtxThreadStartup  RTX_CM4F.lib(rtx_thread.o)
    0x08001218   0x08001218   0x00000010   Code   RO         2823    .text.osRtxThreadSwitch  RTX_CM4F.lib(rtx_thread.o)
    0x08001228   0x08001228   0x0000003c   Code   RO         2833    .text.osRtxThreadWaitEnter  RTX_CM4F.lib(rtx_thread.o)
    0x08001264   0x08001264   0x00000030   Code   RO         2829    .text.osRtxThreadWaitExit  RTX_CM4F.lib(rtx_thread.o)
    0x08001294   0x08001294   0x00000078   Code   RO         3180    .text.osRtxTick_Handler  RTX_CM4F.lib(rtx_system.o)
    0x0800130c   0x0800130c   0x00000020   Code   RO         2969    .text.osRtxTimerSetup  RTX_CM4F.lib(rtx_timer.o)
    0x0800132c   0x0800132c   0x00000020   Code   RO         2973    .text.osRtxTimerThread  RTX_CM4F.lib(rtx_timer.o)
    0x0800134c   0x0800134c   0x00000070   Code   RO         2971    .text.osRtxTimerTick  RTX_CM4F.lib(rtx_timer.o)
    0x080013bc   0x080013bc   0x0000000c   Code   RO         2869    .text.osThreadExit  RTX_CM4F.lib(rtx_thread.o)
    0x080013c8   0x080013c8   0x00000058   Code   RO         2877    .text.osThreadFlagsSet  RTX_CM4F.lib(rtx_thread.o)
    0x08001420   0x08001420   0x00000024   Code   RO         2883    .text.osThreadFlagsWait  RTX_CM4F.lib(rtx_thread.o)
    0x08001444   0x08001444   0x00000028   Code   RO         2845    .text.osThreadGetId  RTX_CM4F.lib(rtx_thread.o)
    0x0800146c   0x0800146c   0x00000024   Code   RO         2841    .text.osThreadNew   RTX_CM4F.lib(rtx_thread.o)
    0x08001490   0x08001490   0x00000024   Code   RO         2859    .text.osThreadYield  RTX_CM4F.lib(rtx_thread.o)
    0x080014b4   0x080014b4   0x00000024   Code   RO         2975    .text.osTimerNew    RTX_CM4F.lib(rtx_timer.o)
    0x080014d8   0x080014d8   0x00000016   Code   RO         2957    .text.svcRtxDelay   RTX_CM4F.lib(rtx_delay.o)
    0x080014ee   0x080014ee   0x00000002   PAD
    0x080014f0   0x080014f0   0x0000000c   Code   RO         2747    .text.svcRtxKernelGetState  RTX_CM4F.lib(rtx_kernel.o)
    0x080014fc   0x080014fc   0x0000000c   Code   RO         2763    .text.svcRtxKernelGetTickCount  RTX_CM4F.lib(rtx_kernel.o)
    0x08001508   0x08001508   0x00000100   Code   RO         2777    .text.svcRtxKernelInitialize  RTX_CM4F.lib(rtx_kernel.o)
    0x08001608   0x08001608   0x00000088   Code   RO         2779    .text.svcRtxKernelStart  RTX_CM4F.lib(rtx_kernel.o)
    0x08001690   0x08001690   0x000000d8   Code   RO         3164    .text.svcRtxMessageQueueGet  RTX_CM4F.lib(rtx_msgqueue.o)
    0x08001768   0x08001768   0x00000118   Code   RO         3122    .text.svcRtxMessageQueueNew  RTX_CM4F.lib(rtx_msgqueue.o)
    0x08001880   0x08001880   0x000000b4   Code   RO         3160    .text.svcRtxMessageQueuePut  RTX_CM4F.lib(rtx_msgqueue.o)
    0x08001934   0x08001934   0x00000090   Code   RO         3031    .text.svcRtxMutexAcquire  RTX_CM4F.lib(rtx_mutex.o)
    0x080019c4   0x080019c4   0x000000b0   Code   RO         3037    .text.svcRtxMutexDelete  RTX_CM4F.lib(rtx_mutex.o)
    0x08001a74   0x08001a74   0x00000068   Code   RO         3027    .text.svcRtxMutexNew  RTX_CM4F.lib(rtx_mutex.o)
    0x08001adc   0x08001adc   0x000000b4   Code   RO         3033    .text.svcRtxMutexRelease  RTX_CM4F.lib(rtx_mutex.o)
    0x08001b90   0x08001b90   0x0000004c   Code   RO         2915    .text.svcRtxThreadExit  RTX_CM4F.lib(rtx_thread.o)
    0x08001bdc   0x08001bdc   0x00000066   Code   RO         2927    .text.svcRtxThreadFlagsSet  RTX_CM4F.lib(rtx_thread.o)
    0x08001c42   0x08001c42   0x00000002   PAD
    0x08001c44   0x08001c44   0x0000004c   Code   RO         2933    .text.svcRtxThreadFlagsWait  RTX_CM4F.lib(rtx_thread.o)
    0x08001c90   0x08001c90   0x0000000c   Code   RO         2847    .text.svcRtxThreadGetId  RTX_CM4F.lib(rtx_thread.o)
    0x08001c9c   0x08001c9c   0x000001ec   Code   RO         2839    .text.svcRtxThreadNew  RTX_CM4F.lib(rtx_thread.o)
    0x08001e88   0x08001e88   0x00000038   Code   RO         2901    .text.svcRtxThreadYield  RTX_CM4F.lib(rtx_thread.o)
    0x08001ec0   0x08001ec0   0x00000078   Code   RO         2989    .text.svcRtxTimerNew  RTX_CM4F.lib(rtx_timer.o)
    0x08001f38   0x08001f38   0x00000004   Code   RO          180    i.BusFault_Handler  stm32f4xx_it.o
    0x08001f3c   0x08001f3c   0x00000012   Code   RO          956    i.DAC_DMAConvCpltCh1  stm32f4xx_hal_dac.o
    0x08001f4e   0x08001f4e   0x00000012   Code   RO         1097    i.DAC_DMAConvCpltCh2  stm32f4xx_hal_dac_ex.o
    0x08001f60   0x08001f60   0x0000001a   Code   RO          957    i.DAC_DMAErrorCh1   stm32f4xx_hal_dac.o
    0x08001f7a   0x08001f7a   0x0000001a   Code   RO         1098    i.DAC_DMAErrorCh2   stm32f4xx_hal_dac_ex.o
    0x08001f94   0x08001f94   0x0000000e   Code   RO          958    i.DAC_DMAHalfConvCpltCh1  stm32f4xx_hal_dac.o
    0x08001fa2   0x08001fa2   0x0000000e   Code   RO         1099    i.DAC_DMAHalfConvCpltCh2  stm32f4xx_hal_dac_ex.o
    0x08001fb0   0x08001fb0   0x00000010   Code   RO          181    i.DMA1_Stream5_IRQHandler  stm32f4xx_it.o
    0x08001fc0   0x08001fc0   0x00000034   Code   RO         1181    i.DMA_CalcBaseAndBitshift  stm32f4xx_hal_dma.o
    0x08001ff4   0x08001ff4   0x000000aa   Code   RO         1182    i.DMA_CheckFifoParam  stm32f4xx_hal_dma.o
    0x0800209e   0x0800209e   0x0000002c   Code   RO         1183    i.DMA_SetConfig     stm32f4xx_hal_dma.o
    0x080020ca   0x080020ca   0x00000002   Code   RO          182    i.DebugMon_Handler  stm32f4xx_it.o
    0x080020cc   0x080020cc   0x0000000c   Code   RO          183    i.EXTI15_10_IRQHandler  stm32f4xx_it.o
    0x080020d8   0x080020d8   0x00000006   Code   RO            4    i.Error_Handler     main.o
    0x080020de   0x080020de   0x00000002   Code   RO         1100    i.HAL_DACEx_ConvCpltCallbackCh2  stm32f4xx_hal_dac_ex.o
    0x080020e0   0x080020e0   0x00000002   Code   RO         1101    i.HAL_DACEx_ConvHalfCpltCallbackCh2  stm32f4xx_hal_dac_ex.o
    0x080020e2   0x080020e2   0x00000002   Code   RO         1105    i.HAL_DACEx_ErrorCallbackCh2  stm32f4xx_hal_dac_ex.o
    0x080020e4   0x080020e4   0x0000005a   Code   RO          959    i.HAL_DAC_ConfigChannel  stm32f4xx_hal_dac.o
    0x0800213e   0x0800213e   0x00000002   Code   RO          960    i.HAL_DAC_ConvCpltCallbackCh1  stm32f4xx_hal_dac.o
    0x08002140   0x08002140   0x00000002   Code   RO          961    i.HAL_DAC_ConvHalfCpltCallbackCh1  stm32f4xx_hal_dac.o
    0x08002142   0x08002142   0x00000002   Code   RO          964    i.HAL_DAC_ErrorCallbackCh1  stm32f4xx_hal_dac.o
    0x08002144   0x08002144   0x00000028   Code   RO          969    i.HAL_DAC_Init      stm32f4xx_hal_dac.o
    0x0800216c   0x0800216c   0x000000c4   Code   RO          396    i.HAL_DAC_MspInit   dac.o
    0x08002230   0x08002230   0x00000120   Code   RO          974    i.HAL_DAC_Start_DMA  stm32f4xx_hal_dac.o
    0x08002350   0x08002350   0x0000004a   Code   RO          976    i.HAL_DAC_Stop_DMA  stm32f4xx_hal_dac.o
    0x0800239a   0x0800239a   0x000000aa   Code   RO         1184    i.HAL_DMA_Abort     stm32f4xx_hal_dma.o
    0x08002444   0x08002444   0x00000240   Code   RO         1189    i.HAL_DMA_IRQHandler  stm32f4xx_hal_dma.o
    0x08002684   0x08002684   0x000000ec   Code   RO         1190    i.HAL_DMA_Init      stm32f4xx_hal_dma.o
    0x08002770   0x08002770   0x00000092   Code   RO         1194    i.HAL_DMA_Start_IT  stm32f4xx_hal_dma.o
    0x08002802   0x08002802   0x00000002   PAD
    0x08002804   0x08002804   0x00000028   Code   RO          625    i.HAL_Delay         stm32f4xx_hal.o
    0x0800282c   0x0800282c   0x0000001c   Code   RO          184    i.HAL_GPIO_EXTI_Callback  stm32f4xx_it.o
    0x08002848   0x08002848   0x0000001c   Code   RO         1330    i.HAL_GPIO_EXTI_IRQHandler  stm32f4xx_hal_gpio.o
    0x08002864   0x08002864   0x0000021c   Code   RO         1331    i.HAL_GPIO_Init     stm32f4xx_hal_gpio.o
    0x08002a80   0x08002a80   0x00000012   Code   RO         1334    i.HAL_GPIO_TogglePin  stm32f4xx_hal_gpio.o
    0x08002a92   0x08002a92   0x00000002   PAD
    0x08002a94   0x08002a94   0x0000000c   Code   RO          632    i.HAL_GetREVID      stm32f4xx_hal.o
    0x08002aa0   0x08002aa0   0x0000004c   Code   RO            5    i.HAL_GetTick       main.o
    0x08002aec   0x08002aec   0x00000030   Code   RO          640    i.HAL_Init          stm32f4xx_hal.o
    0x08002b1c   0x08002b1c   0x0000004c   Code   RO          641    i.HAL_InitTick      stm32f4xx_hal.o
    0x08002b68   0x08002b68   0x00000002   Code   RO          643    i.HAL_MspInit       stm32f4xx_hal.o
    0x08002b6a   0x08002b6a   0x00000028   Code   RO          821    i.HAL_NVIC_EnableIRQ  stm32f4xx_hal_cortex.o
    0x08002b92   0x08002b92   0x0000007c   Code   RO          827    i.HAL_NVIC_SetPriority  stm32f4xx_hal_cortex.o
    0x08002c0e   0x08002c0e   0x00000002   PAD
    0x08002c10   0x08002c10   0x00000028   Code   RO          828    i.HAL_NVIC_SetPriorityGrouping  stm32f4xx_hal_cortex.o
    0x08002c38   0x08002c38   0x00000184   Code   RO         1587    i.HAL_RCC_ClockConfig  stm32f4xx_hal_rcc.o
    0x08002dbc   0x08002dbc   0x000000b0   Code   RO         1596    i.HAL_RCC_GetSysClockFreq  stm32f4xx_hal_rcc.o
    0x08002e6c   0x08002e6c   0x00000488   Code   RO         1599    i.HAL_RCC_OscConfig  stm32f4xx_hal_rcc.o
    0x080032f4   0x080032f4   0x00000034   Code   RO          832    i.HAL_SYSTICK_Config  stm32f4xx_hal_cortex.o
    0x08003328   0x08003328   0x000000b4   Code   RO         2460    i.HAL_TIMEx_MasterConfigSynchronization  stm32f4xx_hal_tim_ex.o
    0x080033dc   0x080033dc   0x00000034   Code   RO         1756    i.HAL_TIM_Base_Init  stm32f4xx_hal_tim.o
    0x08003410   0x08003410   0x00000030   Code   RO          330    i.HAL_TIM_Base_MspInit  tim.o
    0x08003440   0x08003440   0x0000002a   Code   RO         1759    i.HAL_TIM_Base_Start  stm32f4xx_hal_tim.o
    0x0800346a   0x0800346a   0x00000038   Code   RO         1762    i.HAL_TIM_Base_Stop  stm32f4xx_hal_tim.o
    0x080034a2   0x080034a2   0x00000108   Code   RO         1765    i.HAL_TIM_ConfigClockSource  stm32f4xx_hal_tim.o
    0x080035aa   0x080035aa   0x00000004   Code   RO          185    i.HardFault_Handler  stm32f4xx_it.o
    0x080035ae   0x080035ae   0x00000002   PAD
    0x080035b0   0x080035b0   0x00000028   Code   RO          304    i.Init_Thread       thread.o
    0x080035d8   0x080035d8   0x00000028   Code   RO          256    i.Init_Timers       timer.o
    0x08003600   0x08003600   0x00000030   Code   RO          397    i.MX_DAC_Init       dac.o
    0x08003630   0x08003630   0x00000038   Code   RO          371    i.MX_DMA_Init       dma.o
    0x08003668   0x08003668   0x00000058   Code   RO          331    i.MX_TIM2_Init      tim.o
    0x080036c0   0x080036c0   0x00000004   Code   RO          186    i.MemManage_Handler  stm32f4xx_it.o
    0x080036c4   0x080036c4   0x00000002   Code   RO          187    i.NMI_Handler       stm32f4xx_it.o
    0x080036c6   0x080036c6   0x00000002   PAD
    0x080036c8   0x080036c8   0x000000c0   Code   RO            6    i.SystemClock_Config  main.o
    0x08003788   0x08003788   0x000000c0   Code   RO         2700    i.SystemCoreClockUpdate  system_stm32f4xx.o
    0x08003848   0x08003848   0x0000001c   Code   RO         2701    i.SystemInit        system_stm32f4xx.o
    0x08003864   0x08003864   0x000000d8   Code   RO         1844    i.TIM_Base_SetConfig  stm32f4xx_hal_tim.o
    0x0800393c   0x0800393c   0x00000016   Code   RO         1855    i.TIM_ETR_SetConfig  stm32f4xx_hal_tim.o
    0x08003952   0x08003952   0x00000012   Code   RO         1856    i.TIM_ITRx_SetConfig  stm32f4xx_hal_tim.o
    0x08003964   0x08003964   0x00000026   Code   RO         1862    i.TIM_TI1_ConfigInputStage  stm32f4xx_hal_tim.o
    0x0800398a   0x0800398a   0x00000028   Code   RO         1864    i.TIM_TI2_ConfigInputStage  stm32f4xx_hal_tim.o
    0x080039b2   0x080039b2   0x0000001c   Code   RO          305    i.Thread            thread.o
    0x080039ce   0x080039ce   0x00000002   PAD
    0x080039d0   0x080039d0   0x00000020   Code   RO          257    i.Timer1_Callback   timer.o
    0x080039f0   0x080039f0   0x00000004   Code   RO          188    i.UsageFault_Handler  stm32f4xx_it.o
    0x080039f4   0x080039f4   0x00000030   Code   RO         3346    i.__ARM_fpclassify  m_wm.l(fpclassify.o)
    0x08003a24   0x08003a24   0x00000010   Code   RO          834    i.__NVIC_GetPriorityGrouping  stm32f4xx_hal_cortex.o
    0x08003a34   0x08003a34   0x00000028   Code   RO          835    i.__NVIC_SetPriority  stm32f4xx_hal_cortex.o
    0x08003a5c   0x08003a5c   0x00000004   PAD
    0x08003a60   0x08003a60   0x000000c8   Code   RO         3256    i.__hardfp_sin      m_wm.l(sin.o)
    0x08003b28   0x08003b28   0x00000438   Code   RO         3301    i.__ieee754_rem_pio2  m_wm.l(rred.o)
    0x08003f60   0x08003f60   0x00000170   Code   RO         3284    i.__kernel_cos      m_wm.l(cos_i.o)
    0x080040d0   0x080040d0   0x000000f8   Code   RO         3348    i.__kernel_poly     m_wm.l(poly.o)
    0x080041c8   0x080041c8   0x00000130   Code   RO         3306    i.__kernel_sin      m_wm.l(sin_i.o)
    0x080042f8   0x080042f8   0x00000014   Code   RO         3288    i.__mathlib_dbl_infnan  m_wm.l(dunder.o)
    0x0800430c   0x0800430c   0x00000004   PAD
    0x08004310   0x08004310   0x00000020   Code   RO         3290    i.__mathlib_dbl_invalid  m_wm.l(dunder.o)
    0x08004330   0x08004330   0x00000020   Code   RO         3293    i.__mathlib_dbl_underflow  m_wm.l(dunder.o)
    0x08004350   0x08004350   0x00000058   Code   RO          496    i.__user_perthread_libspace  rtx_lib.o
    0x080043a8   0x080043a8   0x00000016   Code   RO          497    i._mutex_acquire    rtx_lib.o
    0x080043be   0x080043be   0x0000000c   Code   RO          498    i._mutex_free       rtx_lib.o
    0x080043ca   0x080043ca   0x00000022   Code   RO          499    i._mutex_initialize  rtx_lib.o
    0x080043ec   0x080043ec   0x00000012   Code   RO          500    i._mutex_release    rtx_lib.o
    0x080043fe   0x080043fe   0x00000008   Code   RO          501    i._platform_post_stackheap_init  rtx_lib.o
    0x08004406   0x08004406   0x00000002   PAD
    0x08004408   0x08004408   0x0000004c   Code   RO          258    i.cambiaTono        timer.o
    0x08004454   0x08004454   0x00000050   Code   RO            7    i.conf_boton        main.o
    0x080044a4   0x080044a4   0x00000018   Code   RO         3342    i.fabs              m_wm.l(fabs.o)
    0x080044bc   0x080044bc   0x00000040   Code   RO            8    i.main              main.o
    0x080044fc   0x080044fc   0x00000034   Code   RO          259    i.melodiaEntrar     timer.o
    0x08004530   0x08004530   0x00000020   Code   RO          584    i.osRtxErrorNotify  rtx_config.o
    0x08004550   0x08004550   0x00000004   Code   RO          585    i.osRtxIdleThread   rtx_config.o
    0x08004554   0x08004554   0x00000020   Code   RO          502    i.os_kernel_is_active  rtx_lib.o
    0x08004574   0x08004574   0x000000a8   Code   RO            9    i.sinusoide         main.o
    0x0800461c   0x0800461c   0x00000018   Code   RO         3277    x$fpl$basic         fz_wm.l(basic.o)
    0x08004634   0x08004634   0x00000150   Code   RO         3234    x$fpl$dadd          fz_wm.l(daddsub_clz.o)
    0x08004784   0x08004784   0x000002b0   Code   RO         3241    x$fpl$ddiv          fz_wm.l(ddiv.o)
    0x08004a34   0x08004a34   0x0000005e   Code   RO         3336    x$fpl$dfix          fz_wm.l(dfix.o)
    0x08004a92   0x08004a92   0x00000002   PAD
    0x08004a94   0x08004a94   0x0000005a   Code   RO         3244    x$fpl$dfixu         fz_wm.l(dfixu.o)
    0x08004aee   0x08004aee   0x0000002e   Code   RO         3249    x$fpl$dflt          fz_wm.l(dflt_clz.o)
    0x08004b1c   0x08004b1c   0x00000026   Code   RO         3248    x$fpl$dfltu         fz_wm.l(dflt_clz.o)
    0x08004b42   0x08004b42   0x00000002   PAD
    0x08004b44   0x08004b44   0x00000154   Code   RO         3254    x$fpl$dmul          fz_wm.l(dmul.o)
    0x08004c98   0x08004c98   0x0000009c   Code   RO         3279    x$fpl$dnaninf       fz_wm.l(dnaninf.o)
    0x08004d34   0x08004d34   0x0000000c   Code   RO         3281    x$fpl$dretinf       fz_wm.l(dretinf.o)
    0x08004d40   0x08004d40   0x00000016   Code   RO         3235    x$fpl$drsb          fz_wm.l(daddsub_clz.o)
    0x08004d56   0x08004d56   0x00000002   PAD
    0x08004d58   0x08004d58   0x000001d4   Code   RO         3236    x$fpl$dsub          fz_wm.l(daddsub_clz.o)
    0x08004f2c   0x08004f2c   0x0000000a   Code   RO         3433    x$fpl$fpinit        fz_wm.l(fpinit.o)
    0x08004f36   0x08004f36   0x00000000   Code   RO         3283    x$fpl$usenofp       fz_wm.l(usenofp.o)
    0x08004f36   0x08004f36   0x00000002   PAD
    0x08004f38   0x08004f38   0x00000068   Data   RO          510    .constdata          rtx_lib.o
    0x08004fa0   0x08004fa0   0x00000008   Data   RO         1196    .constdata          stm32f4xx_hal_dma.o
    0x08004fa8   0x08004fa8   0x00000018   Data   RO         2702    .constdata          system_stm32f4xx.o
    0x08004fc0   0x08004fc0   0x00000030   Data   RO         3285    .constdata          m_wm.l(cos_i.o)
    0x08004ff0   0x08004ff0   0x000000c8   Data   RO         3303    .constdata          m_wm.l(rred.o)
    0x080050b8   0x080050b8   0x00000028   Data   RO         3307    .constdata          m_wm.l(sin_i.o)
    0x080050e0   0x080050e0   0x000000a8   Data   RO          512    .rodata             rtx_lib.o
    0x08005188   0x08005188   0x00000001   Data   RO         3047    .rodata             RTX_CM4F.lib(irq_armv7m.o)
    0x08005189   0x08005189   0x00000003   PAD
    0x0800518c   0x0800518c   0x0000000b   Data   RO         2797    .rodata.str1.4      RTX_CM4F.lib(rtx_kernel.o)
    0x08005197   0x08005197   0x00000001   PAD
    0x08005198   0x08005198   0x00000020   Data   RO         3491    Region$$Table       anon$$obj.o


    Execution Region RW_IRAM1 (Exec base: 0x20000000, Load base: 0x080051b8, Size: 0x000090f0, Max: 0x00030000, ABSOLUTE, COMPRESSED[0x00000138])

    Exec Addr    Load Addr    Size         Type   Attr      Idx    E Section Name        Object

    0x20000000   COMPRESSED   0x00008040   Data   RW          503    .bss.os             rtx_lib.o
    0x20008040   COMPRESSED   0x000001f0   Data   RW          504    .bss.os.libspace    rtx_lib.o
    0x20008230   COMPRESSED   0x00000034   Data   RW          505    .bss.os.msgqueue.cb  rtx_lib.o
    0x20008264   COMPRESSED   0x00000050   Data   RW          506    .bss.os.msgqueue.mem  rtx_lib.o
    0x200082b4   COMPRESSED   0x00000088   Data   RW          507    .bss.os.thread.cb   rtx_lib.o
    0x2000833c   COMPRESSED   0x00000004   PAD
    0x20008340   COMPRESSED   0x00000200   Data   RW          508    .bss.os.thread.idle.stack  rtx_lib.o
    0x20008540   COMPRESSED   0x00000200   Data   RW          509    .bss.os.thread.timer.stack  rtx_lib.o
    0x20008740   COMPRESSED   0x00000004   Data   RW           11    .data               main.o
    0x20008744   COMPRESSED   0x00000034   Data   RW          260    .data               timer.o
    0x20008778   COMPRESSED   0x00000004   Data   RW          306    .data               thread.o
    0x2000877c   COMPRESSED   0x00000001   Data   RW          511    .data               rtx_lib.o
    0x2000877d   COMPRESSED   0x00000003   PAD
    0x20008780   COMPRESSED   0x00000009   Data   RW          647    .data               stm32f4xx_hal.o
    0x20008789   COMPRESSED   0x00000003   PAD
    0x2000878c   COMPRESSED   0x00000004   Data   RW         2703    .data               system_stm32f4xx.o
    0x20008790   COMPRESSED   0x000000a4   Data   RW         2798    .data.os            RTX_CM4F.lib(rtx_kernel.o)
    0x20008834        -       0x000001a4   Zero   RW           10    .bss                main.o
    0x200089d8        -       0x00000040   Zero   RW          332    .bss                tim.o
    0x20008a18        -       0x00000074   Zero   RW          398    .bss                dac.o
    0x20008a8c        -       0x00000060   Zero   RW         3351    .bss                c_w.l(libspace.o)
    0x20008aec        -       0x00000001   Zero   RW         3212    .bss.os             RTX_CM4F.lib(os_systick.o)
    0x20008aed   COMPRESSED   0x00000003   PAD
    0x20008af0        -       0x00000200   Zero   RW         2691    HEAP                startup_stm32f429xx.o
    0x20008cf0        -       0x00000400   Zero   RW         2690    STACK               startup_stm32f429xx.o


==============================================================================

Image component sizes


      Code (inc. data)   RO Data    RW Data    ZI Data      Debug   Object Name

       244         30          0          0        116       1597   dac.o
        56          4          0          0          0        674   dma.o
       586         80          0          4        420     749149   main.o
        36          6          0          0          0       1029   rtx_config.o
       214         12        272      34621          0      13706   rtx_lib.o
        64         26        428          0       1536        852   startup_stm32f429xx.o
       178         24          0          9          0      10186   stm32f4xx_hal.o
       312         22          0          0          0      35023   stm32f4xx_hal_cortex.o
       556         26          0          0          0       8141   stm32f4xx_hal_dac.o
        64          0          0          0          0       4673   stm32f4xx_hal_dac_ex.o
      1394         16          8          0          0       7063   stm32f4xx_hal_dma.o
       586         58          0          0          0       3292   stm32f4xx_hal_gpio.o
      1724         58          0          0          0       4264   stm32f4xx_hal_rcc.o
       748         46          0          0          0       7762   stm32f4xx_hal_tim.o
       180         30          0          0          0       1552   stm32f4xx_hal_tim_ex.o
        76         12          0          0          0       4031   stm32f4xx_it.o
       220         26         24          4          0       1967   system_stm32f4xx.o
        68          8          0          4          0       1152   thread.o
       136          8          0          0         64       1482   tim.o
       200         36          0         52          0       6369   timer.o

    ----------------------------------------------------------------------
      7660        532        764      34704       2136     863964   Object Totals
         0          0         32          0          0          0   (incl. Generated)
        18          4          0         10          0          0   (incl. Padding)

    ----------------------------------------------------------------------

      Code (inc. data)   RO Data    RW Data    ZI Data      Debug   Library Member Name

       200         12          1          0          0        634   irq_armv7m.o
       126         32          0          0          1       3200   os_systick.o
        58          4          0          0          0       2791   rtx_delay.o
       608         60         11        164          0      16501   rtx_kernel.o
       228          0          0          0          0       2537   rtx_memory.o
       188          0          0          0          0      16008   rtx_mempool.o
      1318         32          0          0          0      18657   rtx_msgqueue.o
       886         32          0          0          0       9962   rtx_mutex.o
       376         26          0          0          0       5296   rtx_system.o
      2126        116          0          0          0      31847   rtx_thread.o
       404         24          0          0          0      10397   rtx_timer.o
        58          0          0          0          0          0   __dczerorl.o
         8          0          0          0          0         68   __main.o
         0          0          0          0          0          0   __rtentry.o
        20          0          0          0          0          0   __rtentry2.o
         6          0          0          0          0          0   __rtentry4.o
        52          8          0          0          0          0   __scatter.o
        28          0          0          0          0          0   __scatter_zi.o
        22          0          0          0          0        100   _rserrno.o
        18          0          0          0          0         80   exit.o
         6          0          0          0          0        152   heapauxi.o
         0          0          0          0          0          0   indicate_semi.o
         2          0          0          0          0          0   libinit.o
         6          0          0          0          0          0   libinit2.o
         2          0          0          0          0          0   libshutdown.o
         2          0          0          0          0          0   libshutdown2.o
         8          4          0          0         96         68   libspace.o
       238          0          0          0          0        100   lludivv7m.o
         4          0          0          0          0         68   rt_errno_addr_twolibspace.o
        68          0          0          0          0         68   rt_memclr.o
        78          0          0          0          0         80   rt_memclr_w.o
       138          0          0          0          0         68   rt_memcpy_v6.o
       100          0          0          0          0         80   rt_memcpy_w.o
         2          0          0          0          0          0   rtexit.o
        10          0          0          0          0          0   rtexit2.o
        12          4          0          0          0         68   sys_exit.o
        74          0          0          0          0         80   sys_stackheap_outer.o
         2          0          0          0          0         68   use_no_semi.o
        24          0          0          0          0        164   basic.o
       826         16          0          0          0        492   daddsub_clz.o
       688        140          0          0          0        256   ddiv.o
        94          4          0          0          0        140   dfix.o
        90          4          0          0          0        140   dfixu.o
        84          0          0          0          0        232   dflt_clz.o
       340         12          0          0          0        152   dmul.o
       156          4          0          0          0        140   dnaninf.o
        12          0          0          0          0        116   dretinf.o
        10          0          0          0          0        116   fpinit.o
         0          0          0          0          0          0   usenofp.o
       368         46         48          0          0        200   cos_i.o
        84         16          0          0          0        372   dunder.o
        24          0          0          0          0        124   fabs.o
        48          0          0          0          0        124   fpclassify.o
       248          0          0          0          0        152   poly.o
      1080        142        200          0          0        188   rred.o
       200         20          0          0          0        164   sin.o
       304         24         40          0          0        208   sin_i.o

    ----------------------------------------------------------------------
     12192        782        304        164        100     122458   Library Totals
        30          0          4          0          3          0   (incl. Padding)

    ----------------------------------------------------------------------

      Code (inc. data)   RO Data    RW Data    ZI Data      Debug   Library Name

      6518        338         12        164          1     117830   RTX_CM4F.lib
       964         16          0          0         96       1148   c_w.l
      2324        180          0          0          0       1948   fz_wm.l
      2356        248        288          0          0       1532   m_wm.l

    ----------------------------------------------------------------------
     12192        782        304        164        100     122458   Library Totals

    ----------------------------------------------------------------------

==============================================================================


      Code (inc. data)   RO Data    RW Data    ZI Data      Debug   

     19852       1314       1068      34868       2236     975458   Grand Totals
     19852       1314       1068        312       2236     975458   ELF Image Totals (compressed)
     19852       1314       1068        312          0          0   ROM Totals

==============================================================================

    Total RO  Size (Code + RO Data)                20920 (  20.43kB)
    Total RW  Size (RW Data + ZI Data)             37104 (  36.23kB)
    Total ROM Size (Code + RO Data + RW Data)      21232 (  20.73kB)

==============================================================================

